Component: ARM Compiler 5.05 update 1 (build 106) Tool: armlink [4d0efa]

==============================================================================

Section Cross References

    main.o(i.main) refers to misc.o(i.NVIC_PriorityGroupConfig) for NVIC_PriorityGroupConfig
    main.o(i.main) refers to led.o(i.LED_Init) for LED_Init
    main.o(i.main) refers to timer.o(i.TIM3_Int_Init) for TIM3_Int_Init
    main.o(i.main) refers to delay.o(i.delay_init) for delay_init
    main.o(i.main) refers to usart.o(i.Usart1_Init) for Usart1_Init
    main.o(i.main) refers to usart.o(i.Usart2_Init) for Usart2_Init
    main.o(i.main) refers to dht11.o(i.DHT11_Init) for DHT11_Init
    main.o(i.main) refers to oled.o(i.OLED_Init) for OLED_Init
    main.o(i.main) refers to oled.o(i.OLED_Clear) for OLED_Clear
    main.o(i.main) refers to usart.o(i.UsartPrintf) for UsartPrintf
    main.o(i.main) refers to esp8266.o(i.ESP8266_Init) for ESP8266_Init
    main.o(i.main) refers to bsp_adc.o(i.ADC1_Init) for ADC1_Init
    main.o(i.main) refers to delay.o(i.delay_ms) for delay_ms
    main.o(i.main) refers to onenet.o(i.OneNet_DevLink) for OneNet_DevLink
    main.o(i.main) refers to onenet.o(i.OneNet_Subscribe) for OneNet_Subscribe
    main.o(i.main) refers to ffltui.o(.text) for __aeabi_ui2f
    main.o(i.main) refers to fdiv.o(.text) for __aeabi_fdiv
    main.o(i.main) refers to f2d.o(.text) for __aeabi_f2d
    main.o(i.main) refers to dmul.o(.text) for __aeabi_dmul
    main.o(i.main) refers to d2f.o(.text) for __aeabi_d2f
    main.o(i.main) refers to dht11.o(i.DHT11_Read_Data) for DHT11_Read_Data
    main.o(i.main) refers to bsp_adc.o(i.MQ2_GetPPM) for MQ2_GetPPM
    main.o(i.main) refers to oled.o(i.OLED_ShowString) for OLED_ShowString
    main.o(i.main) refers to oled.o(i.OLED_ShowNum) for OLED_ShowNum
    main.o(i.main) refers to stm32f10x_gpio.o(i.GPIO_ReadInputDataBit) for GPIO_ReadInputDataBit
    main.o(i.main) refers to printfa.o(i.__0sprintf) for __2sprintf
    main.o(i.main) refers to onenet.o(i.OneNet_Publish) for OneNet_Publish
    main.o(i.main) refers to esp8266.o(i.ESP8266_Clear) for ESP8266_Clear
    main.o(i.main) refers to esp8266.o(i.ESP8266_GetIPD) for ESP8266_GetIPD
    main.o(i.main) refers to onenet.o(i.OneNet_RevPro) for OneNet_RevPro
    main.o(i.main) refers to main.o(.data) for devSubTopic
    main.o(i.main) refers to bsp_adc.o(.data) for ADC_ConvertedValue
    main.o(i.main) refers to main.o(.bss) for PUB_BUF
    main.o(i.main) refers to main.o(.constdata) for devPubTopic
    main.o(.data) refers to main.o(.conststring) for .conststring
    system_stm32f10x.o(i.SetSysClock) refers to system_stm32f10x.o(i.SetSysClockTo72) for SetSysClockTo72
    system_stm32f10x.o(i.SystemCoreClockUpdate) refers to system_stm32f10x.o(.data) for SystemCoreClock
    system_stm32f10x.o(i.SystemInit) refers to system_stm32f10x.o(i.SetSysClock) for SetSysClock
    delay.o(i.delay_init) refers to misc.o(i.SysTick_CLKSourceConfig) for SysTick_CLKSourceConfig
    delay.o(i.delay_init) refers to system_stm32f10x.o(.data) for SystemCoreClock
    delay.o(i.delay_init) refers to delay.o(.data) for fac_us
    delay.o(i.delay_ms) refers to delay.o(.data) for fac_ms
    delay.o(i.delay_us) refers to delay.o(.data) for fac_us
    usart.o(i.USART1_IRQHandler) refers to stm32f10x_usart.o(i.USART_GetITStatus) for USART_GetITStatus
    usart.o(i.USART1_IRQHandler) refers to stm32f10x_usart.o(i.USART_ClearFlag) for USART_ClearFlag
    usart.o(i.Usart1_Init) refers to stm32f10x_rcc.o(i.RCC_APB2PeriphClockCmd) for RCC_APB2PeriphClockCmd
    usart.o(i.Usart1_Init) refers to stm32f10x_gpio.o(i.GPIO_Init) for GPIO_Init
    usart.o(i.Usart1_Init) refers to stm32f10x_usart.o(i.USART_Init) for USART_Init
    usart.o(i.Usart1_Init) refers to stm32f10x_usart.o(i.USART_Cmd) for USART_Cmd
    usart.o(i.Usart1_Init) refers to stm32f10x_usart.o(i.USART_ITConfig) for USART_ITConfig
    usart.o(i.Usart1_Init) refers to misc.o(i.NVIC_Init) for NVIC_Init
    usart.o(i.Usart2_Init) refers to stm32f10x_rcc.o(i.RCC_APB2PeriphClockCmd) for RCC_APB2PeriphClockCmd
    usart.o(i.Usart2_Init) refers to stm32f10x_rcc.o(i.RCC_APB1PeriphClockCmd) for RCC_APB1PeriphClockCmd
    usart.o(i.Usart2_Init) refers to stm32f10x_gpio.o(i.GPIO_Init) for GPIO_Init
    usart.o(i.Usart2_Init) refers to stm32f10x_usart.o(i.USART_Init) for USART_Init
    usart.o(i.Usart2_Init) refers to stm32f10x_usart.o(i.USART_Cmd) for USART_Cmd
    usart.o(i.Usart2_Init) refers to stm32f10x_usart.o(i.USART_ITConfig) for USART_ITConfig
    usart.o(i.Usart2_Init) refers to misc.o(i.NVIC_Init) for NVIC_Init
    usart.o(i.UsartPrintf) refers to printfa.o(i.__0vsnprintf) for vsnprintf
    usart.o(i.UsartPrintf) refers to stm32f10x_usart.o(i.USART_SendData) for USART_SendData
    usart.o(i.UsartPrintf) refers to stm32f10x_usart.o(i.USART_GetFlagStatus) for USART_GetFlagStatus
    usart.o(i.Usart_SendString) refers to stm32f10x_usart.o(i.USART_SendData) for USART_SendData
[...]
    .ARM.Collect$$$$00000004                 0x08000134   Section        4  entry5.o(.ARM.Collect$$$$00000004)
    .ARM.Collect$$$$00000008                 0x08000138   Section        0  entry7b.o(.ARM.Collect$$$$00000008)
    .ARM.Collect$$$$0000000A                 0x08000138   Section        0  entry8b.o(.ARM.Collect$$$$0000000A)
    .ARM.Collect$$$$0000000B                 0x08000138   Section        8  entry9a.o(.ARM.Collect$$$$0000000B)
    .ARM.Collect$$$$0000000D                 0x08000140   Section        0  entry10a.o(.ARM.Collect$$$$0000000D)
    .ARM.Collect$$$$0000000F                 0x08000140   Section        0  entry11a.o(.ARM.Collect$$$$0000000F)
    .ARM.Collect$$$$00002712                 0x08000140   Section        4  entry2.o(.ARM.Collect$$$$00002712)
    __lit__00000000                          0x08000140   Data           4  entry2.o(.ARM.Collect$$$$00002712)
    .text                                    0x08000144   Section       36  startup_stm32f10x_hd.o(.text)
    .text                                    0x08000168   Section        0  tolower.o(.text)
    .text                                    0x08000174   Section        0  memcpya.o(.text)
    .text                                    0x08000198   Section        0  memseta.o(.text)
    .text                                    0x080001bc   Section        0  strstr.o(.text)
    .text                                    0x080001e0   Section        0  strchr.o(.text)
    .text                                    0x080001f4   Section        0  strlen.o(.text)
    .text                                    0x08000202   Section        0  strncat.o(.text)
    .text                                    0x0800022a   Section        0  strncmp.o(.text)
    .text                                    0x08000248   Section        0  atoi.o(.text)
    .text                                    0x08000262   Section        0  fadd.o(.text)
    .text                                    0x08000312   Section        0  fmul.o(.text)
    .text                                    0x08000376   Section        0  fdiv.o(.text)
    .text                                    0x080003f2   Section        0  dadd.o(.text)
    .text                                    0x08000540   Section        0  dmul.o(.text)
    .text                                    0x08000624   Section        0  ddiv.o(.text)
    .text                                    0x08000702   Section        0  ffltui.o(.text)
    .text                                    0x0800070c   Section        0  dflti.o(.text)
    .text                                    0x0800072e   Section        0  dfixi.o(.text)
    .text                                    0x0800076c   Section        0  f2d.o(.text)
    .text                                    0x08000794   Section       48  cdrcmple.o(.text)
    .text                                    0x080007c4   Section        0  d2f.o(.text)
    .text                                    0x080007fc   Section       20  cfrcmple.o(.text)
    .text                                    0x08000810   Section        0  uidiv.o(.text)
    .text                                    0x0800083c   Section        0  uldiv.o(.text)
    .text                                    0x0800089e   Section        0  llshl.o(.text)
    .text                                    0x080008bc   Section        0  llushr.o(.text)
    .text                                    0x080008dc   Section        0  llsshr.o(.text)
    .text                                    0x08000900   Section        0  strtol.o(.text)
    .text                                    0x08000970   Section        0  fepilogue.o(.text)
    .text                                    0x08000970   Section        0  iusefp.o(.text)
    .text                                    0x080009de   Section        0  depilogue.o(.text)
    .text                                    0x08000a98   Section        0  dscalb.o(.text)
    .text                                    0x08000ac6   Section        0  dfixul.o(.text)
    .text                                    0x08000af8   Section       36  init.o(.text)
    .text                                    0x08000b1c   Section        0  ctype_o.o(.text)
    .text                                    0x08000b24   Section        0  _strtoul.o(.text)
    .text                                    0x08000bc2   Section        0  dsqrt.o(.text)
    .text                                    0x08000c64   Section        0  _chval.o(.text)
    i.ADC1_GPIO_Config                       0x08000c80   Section        0  bsp_adc.o(i.ADC1_GPIO_Config)
    ADC1_GPIO_Config                         0x08000c81   Thumb Code    42  bsp_adc.o(i.ADC1_GPIO_Config)
    i.ADC1_Init                              0x08000cb0   Section        0  bsp_adc.o(i.ADC1_Init)
    i.ADC1_Mode_Config                       0x08000cbc   Section        0  bsp_adc.o(i.ADC1_Mode_Config)
    ADC1_Mode_Config                         0x08000cbd   Thumb Code   202  bsp_adc.o(i.ADC1_Mode_Config)
    i.ADC_Cmd                                0x08000d94   Section        0  stm32f10x_adc.o(i.ADC_Cmd)
    i.ADC_DMACmd                             0x08000daa   Section        0  stm32f10x_adc.o(i.ADC_DMACmd)
    i.ADC_GetResetCalibrationStatus          0x08000dc0   Section        0  stm32f10x_adc.o(i.ADC_GetResetCalibrationStatus)
    i.ADC_Init                               0x08000dd4   Section        0  stm32f10x_adc.o(i.ADC_Init)
    i.ADC_RegularChannelConfig               0x08000e24   Section        0  stm32f10x_adc.o(i.ADC_RegularChannelConfig)
    i.ADC_SoftwareStartConvCmd               0x08000edc   Section        0  stm32f10x_adc.o(i.ADC_SoftwareStartConvCmd)
    i.ADC_StartCalibration                   0x08000ef2   Section        0  stm32f10x_adc.o(i.ADC_StartCalibration)
    i.BusFault_Handler                       0x08000efc   Section        0  stm32f10x_it.o(i.BusFault_Handler)
    i.DHT11_Check                            0x08000f00   Section        0  dht11.o(i.DHT11_Check)
    i.DHT11_IO_IN                            0x08000f50   Section        0  dht11.o(i.DHT11_IO_IN)
    i.DHT11_IO_OUT                           0x08000f84   Section        0  dht11.o(i.DHT11_IO_OUT)
    i.DHT11_Init                             0x08000fa8   Section        0  dht11.o(i.DHT11_Init)
    i.DHT11_Read_Bit                         0x08000fb4   Section        0  dht11.o(i.DHT11_Read_Bit)
    i.DHT11_Read_Byte                        0x08001000   Section        0  dht11.o(i.DHT11_Read_Byte)
    i.DHT11_Read_Data                        0x0800101e   Section        0  dht11.o(i.DHT11_Read_Data)
    i.DHT11_Rst                              0x08001078   Section        0  dht11.o(i.DHT11_Rst)
    i.DMA_Cmd                                0x080010a4   Section        0  stm32f10x_dma.o(i.DMA_Cmd)
    i.DMA_DeInit                             0x080010bc   Section        0  stm32f10x_dma.o(i.DMA_DeInit)
    i.DMA_Init                               0x08001208   Section        0  stm32f10x_dma.o(i.DMA_Init)
    i.DebugMon_Handler                       0x08001244   Section        0  stm32f10x_it.o(i.DebugMon_Handler)
    i.ESP8266_Clear                          0x08001248   Section        0  esp8266.o(i.ESP8266_Clear)
    i.ESP8266_GetIPD                         0x08001264   Section        0  esp8266.o(i.ESP8266_GetIPD)
    i.ESP8266_Init                           0x080012b4   Section        0  esp8266.o(i.ESP8266_Init)
    i.ESP8266_SendCmd                        0x080014d8   Section        0  esp8266.o(i.ESP8266_SendCmd)
    i.ESP8266_SendData                       0x0800152c   Section        0  esp8266.o(i.ESP8266_SendData)
    i.ESP8266_WaitRecive                     0x08001574   Section        0  esp8266.o(i.ESP8266_WaitRecive)
    i.GPIO_Init                              0x080015a8   Section        0  stm32f10x_gpio.o(i.GPIO_Init)
    i.GPIO_PinRemapConfig                    0x080016c0   Section        0  stm32f10x_gpio.o(i.GPIO_PinRemapConfig)
    i.GPIO_ReadInputDataBit                  0x08001750   Section        0  stm32f10x_gpio.o(i.GPIO_ReadInputDataBit)
    i.GPIO_ResetBits                         0x08001762   Section        0  stm32f10x_gpio.o(i.GPIO_ResetBits)
    i.GPIO_SetBits                           0x08001766   Section        0  stm32f10x_gpio.o(i.GPIO_SetBits)
    i.GPIO_WriteBit                          0x0800176a   Section        0  stm32f10x_gpio.o(i.GPIO_WriteBit)
    i.HardFault_Handler                      0x08001774   Section        0  stm32f10x_it.o(i.HardFault_Handler)
    i.LED_Init                               0x08001778   Section        0  led.o(i.LED_Init)
    i.MQ2_GetPPM                             0x080017c8   Section        0  bsp_adc.o(i.MQ2_GetPPM)
    i.MQ2_PPM_Calibration                    0x08001890   Section        0  bsp_adc.o(i.MQ2_PPM_Calibration)
    i.MQTT_DeleteBuffer                      0x080018d4   Section        0  mqttkit.o(i.MQTT_DeleteBuffer)
    i.MQTT_DumpLength                        0x080018f0   Section        0  mqttkit.o(i.MQTT_DumpLength)
    i.MQTT_NewBuffer                         0x0800191e   Section        0  mqttkit.o(i.MQTT_NewBuffer)
    i.MQTT_PacketConnect                     0x08001978   Section        0  mqttkit.o(i.MQTT_PacketConnect)
    i.MQTT_PacketPublish                     0x08001c18   Section        0  mqttkit.o(i.MQTT_PacketPublish)
    i.MQTT_PacketPublishAck                  0x08001dd0   Section        0  mqttkit.o(i.MQTT_PacketPublishAck)
    i.MQTT_PacketPublishComp                 0x08001e18   Section        0  mqttkit.o(i.MQTT_PacketPublishComp)
    i.MQTT_PacketPublishRec                  0x08001e60   Section        0  mqttkit.o(i.MQTT_PacketPublishRec)
    i.MQTT_PacketPublishRel                  0x08001ea8   Section        0  mqttkit.o(i.MQTT_PacketPublishRel)
    i.MQTT_PacketSubscribe                   0x08001ef0   Section        0  mqttkit.o(i.MQTT_PacketSubscribe)
    i.MQTT_ReadLength                        0x08001fee   Section        0  mqttkit.o(i.MQTT_ReadLength)
    i.MQTT_UnPacketCmd                       0x08002034   Section        0  mqttkit.o(i.MQTT_UnPacketCmd)
    i.MQTT_UnPacketConnectAck                0x080020c0   Section        0  mqttkit.o(i.MQTT_UnPacketConnectAck)
    i.MQTT_UnPacketPublish                   0x080020e0   Section        0  mqttkit.o(i.MQTT_UnPacketPublish)
    i.MQTT_UnPacketPublishAck                0x080022a0   Section        0  mqttkit.o(i.MQTT_UnPacketPublishAck)
    i.MQTT_UnPacketPublishComp               0x080022be   Section        0  mqttkit.o(i.MQTT_UnPacketPublishComp)
    i.MQTT_UnPacketPublishRec                0x080022dc   Section        0  mqttkit.o(i.MQTT_UnPacketPublishRec)
    i.MQTT_UnPacketPublishRel                0x080022fa   Section        0  mqttkit.o(i.MQTT_UnPacketPublishRel)
    i.MQTT_UnPacketRecv                      0x08002320   Section        0  mqttkit.o(i.MQTT_UnPacketRecv)
    i.MQTT_UnPacketSubscribe                 0x08002394   Section        0  mqttkit.o(i.MQTT_UnPacketSubscribe)
    i.MQTT_UnPacketUnSubscribe               0x080023c8   Section        0  mqttkit.o(i.MQTT_UnPacketUnSubscribe)
    i.MemManage_Handler                      0x080023da   Section        0  stm32f10x_it.o(i.MemManage_Handler)
    i.NMI_Handler                            0x080023de   Section        0  stm32f10x_it.o(i.NMI_Handler)
    i.NVIC_Init                              0x080023e0   Section        0  misc.o(i.NVIC_Init)
    i.NVIC_PriorityGroupConfig               0x08002450   Section        0  misc.o(i.NVIC_PriorityGroupConfig)
    i.OLED_Clear                             0x08002464   Section        0  oled.o(i.OLED_Clear)
    i.OLED_Init                              0x080024a4   Section        0  oled.o(i.OLED_Init)
    i.OLED_Set_Pos                           0x08002620   Section        0  oled.o(i.OLED_Set_Pos)
    i.OLED_ShowChar                          0x08002650   Section        0  oled.o(i.OLED_ShowChar)
    i.OLED_ShowNum                           0x080026c0   Section        0  oled.o(i.OLED_ShowNum)
    i.OLED_ShowString                        0x08002744   Section        0  oled.o(i.OLED_ShowString)
    i.OLED_WR_Byte                           0x0800277c   Section        0  oled.o(i.OLED_WR_Byte)
    i.OneNet_DevLink                         0x080027f0   Section        0  onenet.o(i.OneNet_DevLink)
    i.OneNet_Publish                         0x08002a34   Section        0  onenet.o(i.OneNet_Publish)
    i.OneNet_RevPro                          0x08002ab0   Section        0  onenet.o(i.OneNet_RevPro)
    i.OneNet_Subscribe                       0x08002f38   Section        0  onenet.o(i.OneNet_Subscribe)
    i.PendSV_Handler                         0x08002fa4   Section        0  stm32f10x_it.o(i.PendSV_Handler)
    i.RCC_ADCCLKConfig                       0x08002fa8   Section        0  stm32f10x_rcc.o(i.RCC_ADCCLKConfig)
    i.RCC_AHBPeriphClockCmd                  0x08002fc0   Section        0  stm32f10x_rcc.o(i.RCC_AHBPeriphClockCmd)
    i.RCC_APB1PeriphClockCmd                 0x08002fe0   Section        0  stm32f10x_rcc.o(i.RCC_APB1PeriphClockCmd)
    i.RCC_APB2PeriphClockCmd                 0x08003000   Section        0  stm32f10x_rcc.o(i.RCC_APB2PeriphClockCmd)
    i.RCC_GetClocksFreq                      0x08003020   Section        0  stm32f10x_rcc.o(i.RCC_GetClocksFreq)
    i.SVC_Handler                            0x080030f4   Section        0  stm32f10x_it.o(i.SVC_Handler)
    i.SetSysClock                            0x080030f6   Section        0  system_stm32f10x.o(i.SetSysClock)
    SetSysClock                              0x080030f7   Thumb Code     8  system_stm32f10x.o(i.SetSysClock)
    i.SetSysClockTo72                        0x08003100   Section        0  system_stm32f10x.o(i.SetSysClockTo72)
    SetSysClockTo72                          0x08003101   Thumb Code   214  system_stm32f10x.o(i.SetSysClockTo72)
    i.SysTick_CLKSourceConfig                0x080031e0   Section        0  misc.o(i.SysTick_CLKSourceConfig)
    i.SysTick_Handler                        0x08003208   Section        0  stm32f10x_it.o(i.SysTick_Handler)
    i.SystemInit                             0x0800320c   Section        0  system_stm32f10x.o(i.SystemInit)
    i.TIM3_IRQHandler                        0x0800326c   Section        0  timer.o(i.TIM3_IRQHandler)
    i.TIM3_Int_Init                          0x08003288   Section        0  timer.o(i.TIM3_Int_Init)
    i.TIM_ClearITPendingBit                  0x080032e8   Section        0  stm32f10x_tim.o(i.TIM_ClearITPendingBit)
    i.TIM_Cmd                                0x080032ee   Section        0  stm32f10x_tim.o(i.TIM_Cmd)
    i.TIM_GetITStatus                        0x08003306   Section        0  stm32f10x_tim.o(i.TIM_GetITStatus)
    i.TIM_ITConfig                           0x08003328   Section        0  stm32f10x_tim.o(i.TIM_ITConfig)
    i.TIM_TimeBaseInit                       0x0800333c   Section        0  stm32f10x_tim.o(i.TIM_TimeBaseInit)
    i.USART1_IRQHandler                      0x080033e0   Section        0  usart.o(i.USART1_IRQHandler)
    i.USART2_IRQHandler                      0x080033fc   Section        0  esp8266.o(i.USART2_IRQHandler)
    i.USART_ClearFlag                        0x08003448   Section        0  stm32f10x_usart.o(i.USART_ClearFlag)
    i.USART_Cmd                              0x0800345a   Section        0  stm32f10x_usart.o(i.USART_Cmd)
    i.USART_GetFlagStatus                    0x08003472   Section        0  stm32f10x_usart.o(i.USART_GetFlagStatus)
    i.USART_GetITStatus                      0x0800348c   Section        0  stm32f10x_usart.o(i.USART_GetITStatus)
    i.USART_ITConfig                         0x080034e0   Section        0  stm32f10x_usart.o(i.USART_ITConfig)
    i.USART_Init                             0x0800352c   Section        0  stm32f10x_usart.o(i.USART_Init)
    i.USART_SendData                         0x08003604   Section        0  stm32f10x_usart.o(i.USART_SendData)
    i.UsageFault_Handler                     0x0800360c   Section        0  stm32f10x_it.o(i.UsageFault_Handler)
    i.Usart1_Init                            0x08003610   Section        0  usart.o(i.Usart1_Init)
    i.Usart2_Init                            0x080036c0   Section        0  usart.o(i.Usart2_Init)
    i.UsartPrintf                            0x0800376c   Section        0  usart.o(i.UsartPrintf)
    i.Usart_SendString                       0x080037b4   Section        0  usart.o(i.Usart_SendString)
    i.__0sprintf                             0x080037e8   Section        0  printfa.o(i.__0sprintf)
    i.__0vsnprintf                           0x08003810   Section        0  printfa.o(i.__0vsnprintf)
    i.__ARM_fpclassify                       0x08003834   Section        0  fpclassify.o(i.__ARM_fpclassify)
    i.__aeabi_errno_addr                     0x0800385c   Section        0  errno.o(i.__aeabi_errno_addr)
    i.__kernel_poly                          0x08003864   Section        0  poly.o(i.__kernel_poly)
    i.__mathlib_dbl_divzero                  0x08003910   Section        0  dunder.o(i.__mathlib_dbl_divzero)
    i.__mathlib_dbl_infnan2                  0x08003920   Section        0  dunder.o(i.__mathlib_dbl_infnan2)
    i.__mathlib_dbl_invalid                  0x08003924   Section        0  dunder.o(i.__mathlib_dbl_invalid)
    i.__mathlib_dbl_overflow                 0x08003930   Section        0  dunder.o(i.__mathlib_dbl_overflow)
    i.__mathlib_dbl_underflow                0x08003940   Section        0  dunder.o(i.__mathlib_dbl_underflow)
    i.__scatterload_copy                     0x08003950   Section       14  handlers.o(i.__scatterload_copy)
    i.__scatterload_null                     0x0800395e   Section        2  handlers.o(i.__scatterload_null)
    i.__scatterload_zeroinit                 0x08003960   Section       14  handlers.o(i.__scatterload_zeroinit)
    i.__set_errno                            0x08003970   Section        0  errno.o(i.__set_errno)
    i._fp_digits                             0x0800397c   Section        0  printfa.o(i._fp_digits)
    _fp_digits                               0x0800397d   Thumb Code   334  printfa.o(i._fp_digits)
    i._printf_core                           0x08003ae0   Section        0  printfa.o(i._printf_core)
    _printf_core                             0x08003ae1   Thumb Code  1744  printfa.o(i._printf_core)
    i._printf_post_padding                   0x080041bc   Section        0  printfa.o(i._printf_post_padding)
    _printf_post_padding                     0x080041bd   Thumb Code    36  printfa.o(i._printf_post_padding)
    i._printf_pre_padding                    0x080041e0   Section        0  printfa.o(i._printf_pre_padding)
    _printf_pre_padding                      0x080041e1   Thumb Code    46  printfa.o(i._printf_pre_padding)
    i._snputc                                0x0800420e   Section        0  printfa.o(i._snputc)
    _snputc                                  0x0800420f   Thumb Code    22  printfa.o(i._snputc)
    i._sputc                                 0x08004224   Section        0  printfa.o(i._sputc)
    _sputc                                   0x08004225   Thumb Code    10  printfa.o(i._sputc)
    i.cJSON_Delete                           0x08004230   Section        0  cjson.o(i.cJSON_Delete)
    i.cJSON_GetErrorPtr                      0x08004288   Section        0  cjson.o(i.cJSON_GetErrorPtr)
    i.cJSON_GetObjectItem                    0x08004294   Section        0  cjson.o(i.cJSON_GetObjectItem)
    i.cJSON_New_Item                         0x080042b4   Section        0  cjson.o(i.cJSON_New_Item)
    cJSON_New_Item                           0x080042b5   Thumb Code    26  cjson.o(i.cJSON_New_Item)
    i.cJSON_Parse                            0x080042d4   Section        0  cjson.o(i.cJSON_Parse)
    i.cJSON_ParseWithOpts                    0x080042e4   Section        0  cjson.o(i.cJSON_ParseWithOpts)
    i.cJSON_strcasecmp                       0x08004348   Section        0  cjson.o(i.cJSON_strcasecmp)
    cJSON_strcasecmp                         0x08004349   Thumb Code    76  cjson.o(i.cJSON_strcasecmp)
    i.delay_init                             0x08004394   Section        0  delay.o(i.delay_init)
    i.delay_ms                               0x080043d8   Section        0  delay.o(i.delay_ms)
    i.delay_us                               0x08004424   Section        0  delay.o(i.delay_us)
    i.free                                   0x08004470   Section        0  malloc.o(i.free)
    i.main                                   0x080044c0   Section        0  main.o(i.main)
    i.malloc                                 0x0800470c   Section        0  malloc.o(i.malloc)
    i.oled_pow                               0x08004778   Section        0  oled.o(i.oled_pow)
    i.parse_array                            0x08004790   Section        0  cjson.o(i.parse_array)
    parse_array                              0x08004791   Thumb Code   166  cjson.o(i.parse_array)
    i.parse_hex4                             0x0800483c   Section        0  cjson.o(i.parse_hex4)
    parse_hex4                               0x0800483d   Thumb Code   276  cjson.o(i.parse_hex4)
    i.parse_number                           0x08004950   Section        0  cjson.o(i.parse_number)
    parse_number                             0x08004951   Thumb Code   432  cjson.o(i.parse_number)
    i.parse_object                           0x08004b0c   Section        0  cjson.o(i.parse_object)
    parse_object                             0x08004b0d   Thumb Code   270  cjson.o(i.parse_object)
    i.parse_string                           0x08004c20   Section        0  cjson.o(i.parse_string)
    parse_string                             0x08004c21   Thumb Code   448  cjson.o(i.parse_string)
    i.parse_value                            0x08004dec   Section        0  cjson.o(i.parse_value)
    parse_value                              0x08004ded   Thumb Code   158  cjson.o(i.parse_value)
    i.pow                                    0x08004ea8   Section        0  pow.o(i.pow)
    i.skip                                   0x08005860   Section        0  cjson.o(i.skip)
    skip                                     0x08005861   Thumb Code    18  cjson.o(i.skip)
    i.sqrt                                   0x08005872   Section        0  sqrt.o(i.sqrt)
    .constdata                               0x080058be   Section       13  main.o(.constdata)
    .constdata                               0x080058cb   Section     2072  oled.o(.constdata)
    .constdata                               0x080060e3   Section        7  cjson.o(.constdata)
    firstByteMark                            0x080060e3   Data           7  cjson.o(.constdata)
    .constdata                               0x080060f0   Section      136  pow.o(.constdata)
    bp                                       0x080060f0   Data          16  pow.o(.constdata)
    dp_h                                     0x08006100   Data          16  pow.o(.constdata)
    dp_l                                     0x08006110   Data          16  pow.o(.constdata)
    L                                        0x08006120   Data          48  pow.o(.constdata)
    P                                        0x08006150   Data          40  pow.o(.constdata)
    .constdata                               0x08006178   Section        8  qnan.o(.constdata)
    .constdata                               0x08006180   Section      129  ctype_o.o(.constdata)
    .constdata                               0x08006204   Section        4  ctype_o.o(.constdata)
    table                                    0x08006204   Data           4  ctype_o.o(.constdata)
    .conststring                             0x08006208   Section       13  main.o(.conststring)
    .data                                    0x20000000   Section       17  main.o(.data)
    .data                                    0x20000014   Section       20  system_stm32f10x.o(.data)
    .data                                    0x20000028   Section        4  delay.o(.data)
    fac_us                                   0x20000028   Data           1  delay.o(.data)
    fac_ms                                   0x2000002a   Data           2  delay.o(.data)
    .data                                    0x2000002c   Section       20  stm32f10x_rcc.o(.data)
    APBAHBPrescTable                         0x2000002c   Data          16  stm32f10x_rcc.o(.data)
    ADCPrescTable                            0x2000003c   Data           4  stm32f10x_rcc.o(.data)
    .data                                    0x20000040   Section       14  bsp_adc.o(.data)
    floag1                                   0x20000040   Data           4  bsp_adc.o(.data)
    R0                                       0x20000044   Data           4  bsp_adc.o(.data)
    .data                                    0x2000004e   Section        4  esp8266.o(.data)
    .data                                    0x20000052   Section        2  onenet.o(.data)
    pkt_id                                   0x20000052   Data           2  onenet.o(.data)
    .data                                    0x20000054   Section       12  cjson.o(.data)
    ep                                       0x20000054   Data           4  cjson.o(.data)
    cJSON_malloc                             0x20000058   Data           4  cjson.o(.data)
    cJSON_free                               0x2000005c   Data           4  cjson.o(.data)
    .data                                    0x20000060   Section        4  mvars.o(.data)
    .data                                    0x20000064   Section        4  mvars.o(.data)
    .data                                    0x20000068   Section        4  errno.o(.data)
    _errno                                   0x20000068   Data           4  errno.o(.data)
    .bss                                     0x2000006c   Section      256  main.o(.bss)
    .bss                                     0x2000016c   Section      128  esp8266.o(.bss)
    HEAP                                     0x200001f0   Section      512  startup_stm32f10x_hd.o(HEAP)
    STACK                                    0x200003f0   Section     1024  startup_stm32f10x_hd.o(STACK)

    Global Symbols

    Symbol Name                              Value     Ov Type        Size  Object(Section)

    BuildAttributes$$THM_ISAv4$P$D$K$B$S$PE$A:L22UL41UL21$X:L11$S22US41US21$IEEE1$IW$USESV6$~STKCKD$USESV7$~SHL$OTIME$ROPI$IEEEX$EBA8$MICROLIB$REQ8$PRES8$EABIv2 0x00000000   Number         0  anon$$obj.o ABSOLUTE
    __ARM_use_no_argv                        0x00000000   Number         0  main.o ABSOLUTE
    _printf_a                                0x00000000   Number         0  stubs.o ABSOLUTE
    _printf_c                                0x00000000   Number         0  stubs.o ABSOLUTE
    _printf_charcount                        0x00000000   Number         0  stubs.o ABSOLUTE
    _printf_d                                0x00000000   Number         0  stubs.o ABSOLUTE
    _printf_e                                0x00000000   Number         0  stubs.o ABSOLUTE
    _printf_f                                0x00000000   Number         0  stubs.o ABSOLUTE
    _printf_flags                            0x00000000   Number         0  stubs.o ABSOLUTE
    _printf_fp_dec                           0x00000000   Number         0  stubs.o ABSOLUTE
    _printf_fp_hex                           0x00000000   Number         0  stubs.o ABSOLUTE
    _printf_g                                0x00000000   Number         0  stubs.o ABSOLUTE
    _printf_i                                0x00000000   Number         0  stubs.o ABSOLUTE
    _printf_int_dec                          0x00000000   Number         0  stubs.o ABSOLUTE
    _printf_l                                0x00000000   Number         0  stubs.o ABSOLUTE
    _printf_lc                               0x00000000   Number         0  stubs.o ABSOLUTE
    _printf_ll                               0x00000000   Number         0  stubs.o ABSOLUTE
    _printf_lld                              0x00000000   Number         0  stubs.o ABSOLUTE
    _printf_lli                              0x00000000   Number         0  stubs.o ABSOLUTE
    _printf_llo                              0x00000000   Number         0  stubs.o ABSOLUTE
    _printf_llu                              0x00000000   Number         0  stubs.o ABSOLUTE
    _printf_llx                              0x00000000   Number         0  stubs.o ABSOLUTE
    _printf_longlong_dec                     0x00000000   Number         0  stubs.o ABSOLUTE
    _printf_longlong_hex                     0x00000000   Number         0  stubs.o ABSOLUTE
    _printf_longlong_oct                     0x00000000   Number         0  stubs.o ABSOLUTE
    _printf_ls                               0x00000000   Number         0  stubs.o ABSOLUTE
    _printf_mbtowc                           0x00000000   Number         0  stubs.o ABSOLUTE
    _printf_n                                0x00000000   Number         0  stubs.o ABSOLUTE
    _printf_o                                0x00000000   Number         0  stubs.o ABSOLUTE
    _printf_p                                0x00000000   Number         0  stubs.o ABSOLUTE
    _printf_percent                          0x00000000   Number         0  stubs.o ABSOLUTE
    _printf_pre_padding                      0x00000000   Number         0  stubs.o ABSOLUTE
    _printf_return_value                     0x00000000   Number         0  stubs.o ABSOLUTE
    _printf_s                                0x00000000   Number         0  stubs.o ABSOLUTE
    _printf_sizespec                         0x00000000   Number         0  stubs.o ABSOLUTE
    _printf_str                              0x00000000   Number         0  stubs.o ABSOLUTE
    _printf_truncate_signed                  0x00000000   Number         0  stubs.o ABSOLUTE
    _printf_truncate_unsigned                0x00000000   Number         0  stubs.o ABSOLUTE
    _printf_u                                0x00000000   Number         0  stubs.o ABSOLUTE
    _printf_wc                               0x00000000   Number         0  stubs.o ABSOLUTE
    _printf_wctomb                           0x00000000   Number         0  stubs.o ABSOLUTE
    _printf_widthprec                        0x00000000   Number         0  stubs.o ABSOLUTE
    _printf_x                                0x00000000   Number         0  stubs.o ABSOLUTE
    __cpp_initialize__aeabi_                  - Undefined Weak Reference
    __cxa_finalize                            - Undefined Weak Reference
    __decompress                              - Undefined Weak Reference
    _clock_init                               - Undefined Weak Reference
    _microlib_exit                            - Undefined Weak Reference
    __Vectors_Size                           0x00000130   Number         0  startup_stm32f10x_hd.o ABSOLUTE
    __Vectors                                0x08000000   Data           4  startup_stm32f10x_hd.o(RESET)
    __Vectors_End                            0x08000130   Data           0  startup_stm32f10x_hd.o(RESET)
    __main                                   0x08000131   Thumb Code     0  entry.o(.ARM.Collect$$$$00000000)
    _main_stk                                0x08000131   Thumb Code     0  entry2.o(.ARM.Collect$$$$00000001)
    _main_scatterload                        0x08000135   Thumb Code     0  entry5.o(.ARM.Collect$$$$00000004)
    __main_after_scatterload                 0x08000139   Thumb Code     0  entry5.o(.ARM.Collect$$$$00000004)
    _main_clock                              0x08000139   Thumb Code     0  entry7b.o(.ARM.Collect$$$$00000008)
    _main_cpp_init                           0x08000139   Thumb Code     0  entry8b.o(.ARM.Collect$$$$0000000A)
    _main_init                               0x08000139   Thumb Code     0  entry9a.o(.ARM.Collect$$$$0000000B)
    __rt_final_cpp                           0x08000141   Thumb Code     0  entry10a.o(.ARM.Collect$$$$0000000D)
    __rt_final_exit                          0x08000141   Thumb Code     0  entry11a.o(.ARM.Collect$$$$0000000F)
    Reset_Handler                            0x08000145   Thumb Code     8  startup_stm32f10x_hd.o(.text)
    ADC1_2_IRQHandler                        0x0800015f   Thumb Code     0  startup_stm32f10x_hd.o(.text)
    ADC3_IRQHandler                          0x0800015f   Thumb Code     0  startup_stm32f10x_hd.o(.text)
    CAN1_RX1_IRQHandler                      0x0800015f   Thumb Code     0  startup_stm32f10x_hd.o(.text)
    CAN1_SCE_IRQHandler                      0x0800015f   Thumb Code     0  startup_stm32f10x_hd.o(.text)
    DMA1_Channel1_IRQHandler                 0x0800015f   Thumb Code     0  startup_stm32f10x_hd.o(.text)
    DMA1_Channel2_IRQHandler                 0x0800015f   Thumb Code     0  startup_stm32f10x_hd.o(.text)
    DMA1_Channel3_IRQHandler                 0x0800015f   Thumb Code     0  startup_stm32f10x_hd.o(.text)
    DMA1_Channel4_IRQHandler                 0x0800015f   Thumb Code     0  startup_stm32f10x_hd.o(.text)
    DMA1_Channel5_IRQHandler                 0x0800015f   Thumb Code     0  startup_stm32f10x_hd.o(.text)
    DMA1_Channel6_IRQHandler                 0x0800015f   Thumb Code     0  startup_stm32f10x_hd.o(.text)
    DMA1_Channel7_IRQHandler                 0x0800015f   Thumb Code     0  startup_stm32f10x_hd.o(.text)
    DMA2_Channel1_IRQHandler                 0x0800015f   Thumb Code     0  startup_stm32f10x_hd.o(.text)
    DMA2_Channel2_IRQHandler                 0x0800015f   Thumb Code     0  startup_stm32f10x_hd.o(.text)
    DMA2_Channel3_IRQHandler                 0x0800015f   Thumb Code     0  startup_stm32f10x_hd.o(.text)
    DMA2_Channel4_5_IRQHandler               0x0800015f   Thumb Code     0  startup_stm32f10x_hd.o(.text)
    EXTI0_IRQHandler                         0x0800015f   Thumb Code     0  startup_stm32f10x_hd.o(.text)
    EXTI15_10_IRQHandler                     0x0800015f   Thumb Code     0  startup_stm32f10x_hd.o(.text)
    EXTI1_IRQHandler                         0x0800015f   Thumb Code     0  startup_stm32f10x_hd.o(.text)
    EXTI2_IRQHandler                         0x0800015f   Thumb Code     0  startup_stm32f10x_hd.o(.text)
    EXTI3_IRQHandler                         0x0800015f   Thumb Code     0  startup_stm32f10x_hd.o(.text)
    EXTI4_IRQHandler                         0x0800015f   Thumb Code     0  startup_stm32f10x_hd.o(.text)
    EXTI9_5_IRQHandler                       0x0800015f   Thumb Code     0  startup_stm32f10x_hd.o(.text)
    FLASH_IRQHandler                         0x0800015f   Thumb Code     0  startup_stm32f10x_hd.o(.text)
    FSMC_IRQHandler                          0x0800015f   Thumb Code     0  startup_stm32f10x_hd.o(.text)
    I2C1_ER_IRQHandler                       0x0800015f   Thumb Code     0  startup_stm32f10x_hd.o(.text)
    I2C1_EV_IRQHandler                       0x0800015f   Thumb Code     0  startup_stm32f10x_hd.o(.text)
    I2C2_ER_IRQHandler                       0x0800015f   Thumb Code     0  startup_stm32f10x_hd.o(.text)
    I2C2_EV_IRQHandler                       0x0800015f   Thumb Code     0  startup_stm32f10x_hd.o(.text)
    PVD_IRQHandler                           0x0800015f   Thumb Code     0  startup_stm32f10x_hd.o(.text)
    RCC_IRQHandler                           0x0800015f   Thumb Code     0  startup_stm32f10x_hd.o(.text)
    RTCAlarm_IRQHandler                      0x0800015f   Thumb Code     0  startup_stm32f10x_hd.o(.text)
    RTC_IRQHandler                           0x0800015f   Thumb Code     0  startup_stm32f10x_hd.o(.text)
    SDIO_IRQHandler                          0x0800015f   Thumb Code     0  startup_stm32f10x_hd.o(.text)
    SPI1_IRQHandler                          0x0800015f   Thumb Code     0  startup_stm32f10x_hd.o(.text)
    SPI2_IRQHandler                          0x0800015f   Thumb Code     0  startup_stm32f10x_hd.o(.text)
    SPI3_IRQHandler                          0x0800015f   Thumb Code     0  startup_stm32f10x_hd.o(.text)
    TAMPER_IRQHandler                        0x0800015f   Thumb Code     0  startup_stm32f10x_hd.o(.text)
    TIM1_BRK_IRQHandler                      0x0800015f   Thumb Code     0  startup_stm32f10x_hd.o(.text)
    TIM1_CC_IRQHandler                       0x0800015f   Thumb Code     0  startup_stm32f10x_hd.o(.text)
    TIM1_TRG_COM_IRQHandler                  0x0800015f   Thumb Code     0  startup_stm32f10x_hd.o(.text)
    TIM1_UP_IRQHandler                       0x0800015f   Thumb Code     0  startup_stm32f10x_hd.o(.text)
    TIM2_IRQHandler                          0x0800015f   Thumb Code     0  startup_stm32f10x_hd.o(.text)
    TIM4_IRQHandler                          0x0800015f   Thumb Code     0  startup_stm32f10x_hd.o(.text)
    TIM5_IRQHandler                          0x0800015f   Thumb Code     0  startup_stm32f10x_hd.o(.text)
    TIM6_IRQHandler                          0x0800015f   Thumb Code     0  startup_stm32f10x_hd.o(.text)
    TIM7_IRQHandler                          0x0800015f   Thumb Code     0  startup_stm32f10x_hd.o(.text)
    TIM8_BRK_IRQHandler                      0x0800015f   Thumb Code     0  startup_stm32f10x_hd.o(.text)
    TIM8_CC_IRQHandler                       0x0800015f   Thumb Code     0  startup_stm32f10x_hd.o(.text)
    TIM8_TRG_COM_IRQHandler                  0x0800015f   Thumb Code     0  startup_stm32f10x_hd.o(.text)
    TIM8_UP_IRQHandler                       0x0800015f   Thumb Code     0  startup_stm32f10x_hd.o(.text)
    UART4_IRQHandler                         0x0800015f   Thumb Code     0  startup_stm32f10x_hd.o(.text)
    UART5_IRQHandler                         0x0800015f   Thumb Code     0  startup_stm32f10x_hd.o(.text)
    USART3_IRQHandler                        0x0800015f   Thumb Code     0  startup_stm32f10x_hd.o(.text)
    USBWakeUp_IRQHandler                     0x0800015f   Thumb Code     0  startup_stm32f10x_hd.o(.text)
    USB_HP_CAN1_TX_IRQHandler                0x0800015f   Thumb Code     0  startup_stm32f10x_hd.o(.text)
    USB_LP_CAN1_RX0_IRQHandler               0x0800015f   Thumb Code     0  startup_stm32f10x_hd.o(.text)
    WWDG_IRQHandler                          0x0800015f   Thumb Code     0  startup_stm32f10x_hd.o(.text)
    tolower                                  0x08000169   Thumb Code    12  tolower.o(.text)
    __aeabi_memcpy                           0x08000175   Thumb Code    36  memcpya.o(.text)
    __aeabi_memcpy4                          0x08000175   Thumb Code     0  memcpya.o(.text)
    __aeabi_memcpy8                          0x08000175   Thumb Code     0  memcpya.o(.text)
    __aeabi_memset                           0x08000199   Thumb Code    14  memseta.o(.text)
    __aeabi_memset4                          0x08000199   Thumb Code     0  memseta.o(.text)
    __aeabi_memset8                          0x08000199   Thumb Code     0  memseta.o(.text)
    __aeabi_memclr                           0x080001a7   Thumb Code     4  memseta.o(.text)
    __aeabi_memclr4                          0x080001a7   Thumb Code     0  memseta.o(.text)
    __aeabi_memclr8                          0x080001a7   Thumb Code     0  memseta.o(.text)
    _memset$wrapper                          0x080001ab   Thumb Code    18  memseta.o(.text)
    strstr                                   0x080001bd   Thumb Code    36  strstr.o(.text)
    strchr                                   0x080001e1   Thumb Code    20  strchr.o(.text)
    strlen                                   0x080001f5   Thumb Code    14  strlen.o(.text)
    strncat                                  0x08000203   Thumb Code    40  strncat.o(.text)
    strncmp                                  0x0800022b   Thumb Code    30  strncmp.o(.text)
    atoi                                     0x08000249   Thumb Code    26  atoi.o(.text)
    __aeabi_fadd                             0x08000263   Thumb Code   164  fadd.o(.text)
    __aeabi_fsub                             0x08000307   Thumb Code     6  fadd.o(.text)
    __aeabi_frsub                            0x0800030d   Thumb Code     6  fadd.o(.text)
    __aeabi_fmul                             0x08000313   Thumb Code   100  fmul.o(.text)
    __aeabi_fdiv                             0x08000377   Thumb Code   124  fdiv.o(.text)
    __aeabi_dadd                             0x080003f3   Thumb Code   322  dadd.o(.text)
    __aeabi_dsub                             0x08000535   Thumb Code     6  dadd.o(.text)
    __aeabi_drsub                            0x0800053b   Thumb Code     6  dadd.o(.text)
    __aeabi_dmul                             0x08000541   Thumb Code   228  dmul.o(.text)
    __aeabi_ddiv                             0x08000625   Thumb Code   222  ddiv.o(.text)
    __aeabi_ui2f                             0x08000703   Thumb Code    10  ffltui.o(.text)
    __aeabi_i2d                              0x0800070d   Thumb Code    34  dflti.o(.text)
    __aeabi_d2iz                             0x0800072f   Thumb Code    62  dfixi.o(.text)
    __aeabi_f2d                              0x0800076d   Thumb Code    38  f2d.o(.text)
    __aeabi_cdrcmple                         0x08000795   Thumb Code    48  cdrcmple.o(.text)
    __aeabi_d2f                              0x080007c5   Thumb Code    56  d2f.o(.text)
    __aeabi_cfrcmple                         0x080007fd   Thumb Code    20  cfrcmple.o(.text)
    __aeabi_uidiv                            0x08000811   Thumb Code     0  uidiv.o(.text)
    __aeabi_uidivmod                         0x08000811   Thumb Code    44  uidiv.o(.text)
    __aeabi_uldivmod                         0x0800083d   Thumb Code    98  uldiv.o(.text)
    __aeabi_llsl                             0x0800089f   Thumb Code    30  llshl.o(.text)
    _ll_shift_l                              0x0800089f   Thumb Code     0  llshl.o(.text)
    __aeabi_llsr                             0x080008bd   Thumb Code    32  llushr.o(.text)
    _ll_ushift_r                             0x080008bd   Thumb Code     0  llushr.o(.text)
    __aeabi_lasr                             0x080008dd   Thumb Code    36  llsshr.o(.text)
    _ll_sshift_r                             0x080008dd   Thumb Code     0  llsshr.o(.text)
    strtol                                   0x08000901   Thumb Code   112  strtol.o(.text)
    __I$use$fp                               0x08000971   Thumb Code     0  iusefp.o(.text)
    _float_round                             0x08000971   Thumb Code    18  fepilogue.o(.text)
    _float_epilogue                          0x08000983   Thumb Code    92  fepilogue.o(.text)
    _double_round                            0x080009df   Thumb Code    30  depilogue.o(.text)
    _double_epilogue                         0x080009fd   Thumb Code   156  depilogue.o(.text)
    __ARM_scalbn                             0x08000a99   Thumb Code    46  dscalb.o(.text)
    scalbn                                   0x08000a99   Thumb Code     0  dscalb.o(.text)
    __aeabi_d2ulz                            0x08000ac7   Thumb Code    48  dfixul.o(.text)
    __scatterload                            0x08000af9   Thumb Code    28  init.o(.text)
    __scatterload_rt2                        0x08000af9   Thumb Code     0  init.o(.text)
    __rt_ctype_table                         0x08000b1d   Thumb Code     4  ctype_o.o(.text)
    _strtoul                                 0x08000b25   Thumb Code   158  _strtoul.o(.text)
    _dsqrt                                   0x08000bc3   Thumb Code   162  dsqrt.o(.text)
    _chval                                   0x08000c65   Thumb Code    28  _chval.o(.text)
    ADC1_Init                                0x08000cb1   Thumb Code    12  bsp_adc.o(i.ADC1_Init)
    ADC_Cmd                                  0x08000d95   Thumb Code    22  stm32f10x_adc.o(i.ADC_Cmd)
    ADC_DMACmd                               0x08000dab   Thumb Code    22  stm32f10x_adc.o(i.ADC_DMACmd)
    ADC_GetResetCalibrationStatus            0x08000dc1   Thumb Code    20  stm32f10x_adc.o(i.ADC_GetResetCalibrationStatus)
    ADC_Init                                 0x08000dd5   Thumb Code    70  stm32f10x_adc.o(i.ADC_Init)
    ADC_RegularChannelConfig                 0x08000e25   Thumb Code   184  stm32f10x_adc.o(i.ADC_RegularChannelConfig)
    ADC_SoftwareStartConvCmd                 0x08000edd   Thumb Code    22  stm32f10x_adc.o(i.ADC_SoftwareStartConvCmd)
    ADC_StartCalibration                     0x08000ef3   Thumb Code    10  stm32f10x_adc.o(i.ADC_StartCalibration)
    BusFault_Handler                         0x08000efd   Thumb Code     4  stm32f10x_it.o(i.BusFault_Handler)
    DHT11_Check                              0x08000f01   Thumb Code    74  dht11.o(i.DHT11_Check)
    DHT11_IO_IN                              0x08000f51   Thumb Code    42  dht11.o(i.DHT11_IO_IN)
    DHT11_IO_OUT                             0x08000f85   Thumb Code    32  dht11.o(i.DHT11_IO_OUT)
    DHT11_Init                               0x08000fa9   Thumb Code    12  dht11.o(i.DHT11_Init)
    DHT11_Read_Bit                           0x08000fb5   Thumb Code    70  dht11.o(i.DHT11_Read_Bit)
    DHT11_Read_Byte                          0x08001001   Thumb Code    30  dht11.o(i.DHT11_Read_Byte)
    DHT11_Read_Data                          0x0800101f   Thumb Code    88  dht11.o(i.DHT11_Read_Data)
    DHT11_Rst                                0x08001079   Thumb Code    34  dht11.o(i.DHT11_Rst)
    DMA_Cmd                                  0x080010a5   Thumb Code    24  stm32f10x_dma.o(i.DMA_Cmd)
    DMA_DeInit                               0x080010bd   Thumb Code   324  stm32f10x_dma.o(i.DMA_DeInit)
    DMA_Init                                 0x08001209   Thumb Code    60  stm32f10x_dma.o(i.DMA_Init)
    DebugMon_Handler                         0x08001245   Thumb Code     2  stm32f10x_it.o(i.DebugMon_Handler)
    ESP8266_Clear                            0x08001249   Thumb Code    18  esp8266.o(i.ESP8266_Clear)
    ESP8266_GetIPD                           0x08001265   Thumb Code    66  esp8266.o(i.ESP8266_GetIPD)
    ESP8266_Init                             0x080012b5   Thumb Code   276  esp8266.o(i.ESP8266_Init)
    ESP8266_SendCmd                          0x080014d9   Thumb Code    76  esp8266.o(i.ESP8266_SendCmd)
    ESP8266_SendData                         0x0800152d   Thumb Code    46  esp8266.o(i.ESP8266_SendData)
    ESP8266_WaitRecive                       0x08001575   Thumb Code    42  esp8266.o(i.ESP8266_WaitRecive)
    GPIO_Init                                0x080015a9   Thumb Code   278  stm32f10x_gpio.o(i.GPIO_Init)
    GPIO_PinRemapConfig                      0x080016c1   Thumb Code   138  stm32f10x_gpio.o(i.GPIO_PinRemapConfig)
    GPIO_ReadInputDataBit                    0x08001751   Thumb Code    18  stm32f10x_gpio.o(i.GPIO_ReadInputDataBit)
    GPIO_ResetBits                           0x08001763   Thumb Code     4  stm32f10x_gpio.o(i.GPIO_ResetBits)
    GPIO_SetBits                             0x08001767   Thumb Code     4  stm32f10x_gpio.o(i.GPIO_SetBits)
    GPIO_WriteBit                            0x0800176b   Thumb Code    10  stm32f10x_gpio.o(i.GPIO_WriteBit)
    HardFault_Handler                        0x08001775   Thumb Code     4  stm32f10x_it.o(i.HardFault_Handler)
    LED_Init                                 0x08001779   Thumb Code    72  led.o(i.LED_Init)
    MQ2_GetPPM                               0x080017c9   Thumb Code   162  bsp_adc.o(i.MQ2_GetPPM)
    MQ2_PPM_Calibration                      0x08001891   Thumb Code    54  bsp_adc.o(i.MQ2_PPM_Calibration)
    MQTT_DeleteBuffer                        0x080018d5   Thumb Code    28  mqttkit.o(i.MQTT_DeleteBuffer)
    MQTT_DumpLength                          0x080018f1   Thumb Code    46  mqttkit.o(i.MQTT_DumpLength)
    MQTT_NewBuffer                           0x0800191f   Thumb Code    88  mqttkit.o(i.MQTT_NewBuffer)
    MQTT_PacketConnect                       0x08001979   Thumb Code   666  mqttkit.o(i.MQTT_PacketConnect)
    MQTT_PacketPublish                       0x08001c19   Thumb Code   440  mqttkit.o(i.MQTT_PacketPublish)
    MQTT_PacketPublishAck                    0x08001dd1   Thumb Code    72  mqttkit.o(i.MQTT_PacketPublishAck)
    MQTT_PacketPublishComp                   0x08001e19   Thumb Code    72  mqttkit.o(i.MQTT_PacketPublishComp)
    MQTT_PacketPublishRec                    0x08001e61   Thumb Code    72  mqttkit.o(i.MQTT_PacketPublishRec)
    MQTT_PacketPublishRel                    0x08001ea9   Thumb Code    72  mqttkit.o(i.MQTT_PacketPublishRel)
    MQTT_PacketSubscribe                     0x08001ef1   Thumb Code   254  mqttkit.o(i.MQTT_PacketSubscribe)
    MQTT_ReadLength                          0x08001fef   Thumb Code    70  mqttkit.o(i.MQTT_ReadLength)
    MQTT_UnPacketCmd                         0x08002035   Thumb Code   140  mqttkit.o(i.MQTT_UnPacketCmd)
    MQTT_UnPacketConnectAck                  0x080020c1   Thumb Code    30  mqttkit.o(i.MQTT_UnPacketConnectAck)
    MQTT_UnPacketPublish                     0x080020e1   Thumb Code   438  mqttkit.o(i.MQTT_UnPacketPublish)
    MQTT_UnPacketPublishAck                  0x080022a1   Thumb Code    30  mqttkit.o(i.MQTT_UnPacketPublishAck)
    MQTT_UnPacketPublishComp                 0x080022bf   Thumb Code    30  mqttkit.o(i.MQTT_UnPacketPublishComp)
    MQTT_UnPacketPublishRec                  0x080022dd   Thumb Code    30  mqttkit.o(i.MQTT_UnPacketPublishRec)
    MQTT_UnPacketPublishRel                  0x080022fb   Thumb Code    36  mqttkit.o(i.MQTT_UnPacketPublishRel)
    MQTT_UnPacketRecv                        0x08002321   Thumb Code   106  mqttkit.o(i.MQTT_UnPacketRecv)
    MQTT_UnPacketSubscribe                   0x08002395   Thumb Code    52  mqttkit.o(i.MQTT_UnPacketSubscribe)
    MQTT_UnPacketUnSubscribe                 0x080023c9   Thumb Code    18  mqttkit.o(i.MQTT_UnPacketUnSubscribe)
    MemManage_Handler                        0x080023db   Thumb Code     4  stm32f10x_it.o(i.MemManage_Handler)
    NMI_Handler                              0x080023df   Thumb Code     2  stm32f10x_it.o(i.NMI_Handler)
    NVIC_Init                                0x080023e1   Thumb Code   100  misc.o(i.NVIC_Init)
    NVIC_PriorityGroupConfig                 0x08002451   Thumb Code    10  misc.o(i.NVIC_PriorityGroupConfig)
    OLED_Clear                               0x08002465   Thumb Code    64  oled.o(i.OLED_Clear)
    OLED_Init                                0x080024a5   Thumb Code   372  oled.o(i.OLED_Init)
    OLED_Set_Pos                             0x08002621   Thumb Code    46  oled.o(i.OLED_Set_Pos)
    OLED_ShowChar                            0x08002651   Thumb Code   106  oled.o(i.OLED_ShowChar)
    OLED_ShowNum                             0x080026c1   Thumb Code   132  oled.o(i.OLED_ShowNum)
    OLED_ShowString                          0x08002745   Thumb Code    54  oled.o(i.OLED_ShowString)
    OLED_WR_Byte                             0x0800277d   Thumb Code   108  oled.o(i.OLED_WR_Byte)
    OneNet_DevLink                           0x080027f1   Thumb Code   212  onenet.o(i.OneNet_DevLink)
    OneNet_Publish                           0x08002a35   Thumb Code    86  onenet.o(i.OneNet_Publish)
    OneNet_RevPro                            0x08002ab1   Thumb Code   672  onenet.o(i.OneNet_RevPro)
    OneNet_Subscribe                         0x08002f39   Thumb Code    80  onenet.o(i.OneNet_Subscribe)
    PendSV_Handler                           0x08002fa5   Thumb Code     2  stm32f10x_it.o(i.PendSV_Handler)
    RCC_ADCCLKConfig                         0x08002fa9   Thumb Code    18  stm32f10x_rcc.o(i.RCC_ADCCLKConfig)
    RCC_AHBPeriphClockCmd                    0x08002fc1   Thumb Code    26  stm32f10x_rcc.o(i.RCC_AHBPeriphClockCmd)
    RCC_APB1PeriphClockCmd                   0x08002fe1   Thumb Code    26  stm32f10x_rcc.o(i.RCC_APB1PeriphClockCmd)
    RCC_APB2PeriphClockCmd                   0x08003001   Thumb Code    26  stm32f10x_rcc.o(i.RCC_APB2PeriphClockCmd)
    RCC_GetClocksFreq                        0x08003021   Thumb Code   192  stm32f10x_rcc.o(i.RCC_GetClocksFreq)
    SVC_Handler                              0x080030f5   Thumb Code     2  stm32f10x_it.o(i.SVC_Handler)
    SysTick_CLKSourceConfig                  0x080031e1   Thumb Code    40  misc.o(i.SysTick_CLKSourceConfig)
    SysTick_Handler                          0x08003209   Thumb Code     2  stm32f10x_it.o(i.SysTick_Handler)
    SystemInit                               0x0800320d   Thumb Code    78  system_stm32f10x.o(i.SystemInit)
    TIM3_IRQHandler                          0x0800326d   Thumb Code    22  timer.o(i.TIM3_IRQHandler)
    TIM3_Int_Init                            0x08003289   Thumb Code    90  timer.o(i.TIM3_Int_Init)
    TIM_ClearITPendingBit                    0x080032e9   Thumb Code     6  stm32f10x_tim.o(i.TIM_ClearITPendingBit)
    TIM_Cmd                                  0x080032ef   Thumb Code    24  stm32f10x_tim.o(i.TIM_Cmd)
    TIM_GetITStatus                          0x08003307   Thumb Code    34  stm32f10x_tim.o(i.TIM_GetITStatus)
    TIM_ITConfig                             0x08003329   Thumb Code    18  stm32f10x_tim.o(i.TIM_ITConfig)
    TIM_TimeBaseInit                         0x0800333d   Thumb Code   122  stm32f10x_tim.o(i.TIM_TimeBaseInit)
    USART1_IRQHandler                        0x080033e1   Thumb Code    24  usart.o(i.USART1_IRQHandler)
    USART2_IRQHandler                        0x080033fd   Thumb Code    62  esp8266.o(i.USART2_IRQHandler)
    USART_ClearFlag                          0x08003449   Thumb Code    18  stm32f10x_usart.o(i.USART_ClearFlag)
    USART_Cmd                                0x0800345b   Thumb Code    24  stm32f10x_usart.o(i.USART_Cmd)
    USART_GetFlagStatus                      0x08003473   Thumb Code    26  stm32f10x_usart.o(i.USART_GetFlagStatus)
    USART_GetITStatus                        0x0800348d   Thumb Code    84  stm32f10x_usart.o(i.USART_GetITStatus)
    USART_ITConfig                           0x080034e1   Thumb Code    74  stm32f10x_usart.o(i.USART_ITConfig)
    USART_Init                               0x0800352d   Thumb Code   210  stm32f10x_usart.o(i.USART_Init)
    USART_SendData                           0x08003605   Thumb Code     8  stm32f10x_usart.o(i.USART_SendData)
    UsageFault_Handler                       0x0800360d   Thumb Code     4  stm32f10x_it.o(i.UsageFault_Handler)
    Usart1_Init                              0x08003611   Thumb Code   166  usart.o(i.Usart1_Init)
    Usart2_Init                              0x080036c1   Thumb Code   162  usart.o(i.Usart2_Init)
    UsartPrintf                              0x0800376d   Thumb Code    72  usart.o(i.UsartPrintf)
    Usart_SendString                         0x080037b5   Thumb Code    50  usart.o(i.Usart_SendString)
    __0sprintf                               0x080037e9   Thumb Code    34  printfa.o(i.__0sprintf)
    __1sprintf                               0x080037e9   Thumb Code     0  printfa.o(i.__0sprintf)
    __2sprintf                               0x080037e9   Thumb Code     0  printfa.o(i.__0sprintf)
    __c89sprintf                             0x080037e9   Thumb Code     0  printfa.o(i.__0sprintf)
    sprintf                                  0x080037e9   Thumb Code     0  printfa.o(i.__0sprintf)
    __0vsnprintf                             0x08003811   Thumb Code    32  printfa.o(i.__0vsnprintf)
    __1vsnprintf                             0x08003811   Thumb Code     0  printfa.o(i.__0vsnprintf)
    __2vsnprintf                             0x08003811   Thumb Code     0  printfa.o(i.__0vsnprintf)
    __c89vsnprintf                           0x08003811   Thumb Code     0  printfa.o(i.__0vsnprintf)
    vsnprintf                                0x08003811   Thumb Code     0  printfa.o(i.__0vsnprintf)
    __ARM_fpclassify                         0x08003835   Thumb Code    40  fpclassify.o(i.__ARM_fpclassify)
    __aeabi_errno_addr                       0x0800385d   Thumb Code     4  errno.o(i.__aeabi_errno_addr)
    __rt_errno_addr                          0x0800385d   Thumb Code     0  errno.o(i.__aeabi_errno_addr)
    __kernel_poly                            0x08003865   Thumb Code   170  poly.o(i.__kernel_poly)
    __mathlib_dbl_divzero                    0x08003911   Thumb Code    12  dunder.o(i.__mathlib_dbl_divzero)
    __mathlib_dbl_infnan2                    0x08003921   Thumb Code     4  dunder.o(i.__mathlib_dbl_infnan2)
    __mathlib_dbl_invalid                    0x08003925   Thumb Code    12  dunder.o(i.__mathlib_dbl_invalid)
    __mathlib_dbl_overflow                   0x08003931   Thumb Code    14  dunder.o(i.__mathlib_dbl_overflow)
    __mathlib_dbl_underflow                  0x08003941   Thumb Code    10  dunder.o(i.__mathlib_dbl_underflow)
    __scatterload_copy                       0x08003951   Thumb Code    14  handlers.o(i.__scatterload_copy)
    __scatterload_null                       0x0800395f   Thumb Code     2  handlers.o(i.__scatterload_null)
    __scatterload_zeroinit                   0x08003961   Thumb Code    14  handlers.o(i.__scatterload_zeroinit)
    __set_errno                              0x08003971   Thumb Code     6  errno.o(i.__set_errno)
    cJSON_Delete                             0x08004231   Thumb Code    82  cjson.o(i.cJSON_Delete)
    cJSON_GetErrorPtr                        0x08004289   Thumb Code     6  cjson.o(i.cJSON_GetErrorPtr)
    cJSON_GetObjectItem                      0x08004295   Thumb Code    30  cjson.o(i.cJSON_GetObjectItem)
    cJSON_Parse                              0x080042d5   Thumb Code    16  cjson.o(i.cJSON_Parse)
    cJSON_ParseWithOpts                      0x080042e5   Thumb Code    96  cjson.o(i.cJSON_ParseWithOpts)
    delay_init                               0x08004395   Thumb Code    50  delay.o(i.delay_init)
    delay_ms                                 0x080043d9   Thumb Code    72  delay.o(i.delay_ms)
    delay_us                                 0x08004425   Thumb Code    72  delay.o(i.delay_us)
    free                                     0x08004471   Thumb Code    76  malloc.o(i.free)
    main                                     0x080044c1   Thumb Code   396  main.o(i.main)
    malloc                                   0x0800470d   Thumb Code    92  malloc.o(i.malloc)
    oled_pow                                 0x08004779   Thumb Code    22  oled.o(i.oled_pow)
    pow                                      0x08004ea9   Thumb Code  2478  pow.o(i.pow)
    sqrt                                     0x08005873   Thumb Code    76  sqrt.o(i.sqrt)
    devPubTopic                              0x080058be   Data          13  main.o(.constdata)
    F6x8                                     0x080058cb   Data         552  oled.o(.constdata)
    F8X16                                    0x08005af3   Data        1520  oled.o(.constdata)
    __mathlib_zero                           0x08006178   Data           8  qnan.o(.constdata)
    __ctype_table                            0x08006180   Data         129  ctype_o.o(.constdata)
    Region$$Table$$Base                      0x08006218   Number         0  anon$$obj.o(Region$$Table)
    Region$$Table$$Limit                     0x08006238   Number         0  anon$$obj.o(Region$$Table)
    ADC_ConvertedValueLocal                  0x20000000   Data           4  main.o(.data)
    devSubTopic                              0x20000004   Data           4  main.o(.data)
    timeCount                                0x20000008   Data           2  main.o(.data)
    dataPtr                                  0x2000000c   Data           4  main.o(.data)
    LED_Status                               0x20000010   Data           1  main.o(.data)
    SystemCoreClock                          0x20000014   Data           4  system_stm32f10x.o(.data)
    AHBPrescTable                            0x20000018   Data          16  system_stm32f10x.o(.data)
    ppm                                      0x20000048   Data           4  bsp_adc.o(.data)
    ADC_ConvertedValue                       0x2000004c   Data           2  bsp_adc.o(.data)
    esp8266_cnt                              0x2000004e   Data           2  esp8266.o(.data)
    esp8266_cntPre                           0x20000050   Data           2  esp8266.o(.data)
    __microlib_freelist                      0x20000060   Data           4  mvars.o(.data)
    __microlib_freelist_initialised          0x20000064   Data           4  mvars.o(.data)
    PUB_BUF                                  0x2000006c   Data         256  main.o(.bss)
    esp8266_buf                              0x2000016c   Data         128  esp8266.o(.bss)
    __heap_base                              0x200001f0   Data           0  startup_stm32f10x_hd.o(HEAP)
    __heap_limit                             0x200003f0   Data           0  startup_stm32f10x_hd.o(HEAP)
    __initial_sp                             0x200007f0   Data           0  startup_stm32f10x_hd.o(STACK)



==============================================================================

Memory Map of the image

  Image Entry point : 0x08000145

  Load Region LR_1 (Base: 0x08000000, Size: 0x000062a4, Max: 0xffffffff, ABSOLUTE)

    Execution Region ER_RO (Exec base: 0x08000000, Load base: 0x08000000, Size: 0x00006238, Max: 0xffffffff, ABSOLUTE)

    Exec Addr    Load Addr    Size         Type   Attr      Idx    E Section Name        Object

    0x08000000   0x08000000   0x00000130   Data   RO          387    RESET               startup_stm32f10x_hd.o
    0x08000130   0x08000130   0x00000000   Code   RO         4242  * .ARM.Collect$$$$00000000  mc_w.l(entry.o)
    0x08000130   0x08000130   0x00000004   Code   RO         4611    .ARM.Collect$$$$00000001  mc_w.l(entry2.o)
    0x08000134   0x08000134   0x00000004   Code   RO         4614    .ARM.Collect$$$$00000004  mc_w.l(entry5.o)
    0x08000138   0x08000138   0x00000000   Code   RO         4616    .ARM.Collect$$$$00000008  mc_w.l(entry7b.o)
    0x08000138   0x08000138   0x00000000   Code   RO         4618    .ARM.Collect$$$$0000000A  mc_w.l(entry8b.o)
    0x08000138   0x08000138   0x00000008   Code   RO         4619    .ARM.Collect$$$$0000000B  mc_w.l(entry9a.o)
    0x08000140   0x08000140   0x00000000   Code   RO         4621    .ARM.Collect$$$$0000000D  mc_w.l(entry10a.o)
    0x08000140   0x08000140   0x00000000   Code   RO         4623    .ARM.Collect$$$$0000000F  mc_w.l(entry11a.o)
    0x08000140   0x08000140   0x00000004   Code   RO         4612    .ARM.Collect$$$$00002712  mc_w.l(entry2.o)
    0x08000144   0x08000144   0x00000024   Code   RO          388  * .text               startup_stm32f10x_hd.o
    0x08000168   0x08000168   0x0000000c   Code   RO         4245    .text               mc_w.l(tolower.o)
    0x08000174   0x08000174   0x00000024   Code   RO         4247    .text               mc_w.l(memcpya.o)
    0x08000198   0x08000198   0x00000024   Code   RO         4249    .text               mc_w.l(memseta.o)
    0x080001bc   0x080001bc   0x00000024   Code   RO         4251    .text               mc_w.l(strstr.o)
    0x080001e0   0x080001e0   0x00000014   Code   RO         4253    .text               mc_w.l(strchr.o)
    0x080001f4   0x080001f4   0x0000000e   Code   RO         4255    .text               mc_w.l(strlen.o)
    0x08000202   0x08000202   0x00000028   Code   RO         4257    .text               mc_w.l(strncat.o)
    0x0800022a   0x0800022a   0x0000001e   Code   RO         4261    .text               mc_w.l(strncmp.o)
    0x08000248   0x08000248   0x0000001a   Code   RO         4554    .text               mc_w.l(atoi.o)
    0x08000262   0x08000262   0x000000b0   Code   RO         4556    .text               mf_w.l(fadd.o)
    0x08000312   0x08000312   0x00000064   Code   RO         4558    .text               mf_w.l(fmul.o)
    0x08000376   0x08000376   0x0000007c   Code   RO         4560    .text               mf_w.l(fdiv.o)
    0x080003f2   0x080003f2   0x0000014e   Code   RO         4562    .text               mf_w.l(dadd.o)
    0x08000540   0x08000540   0x000000e4   Code   RO         4564    .text               mf_w.l(dmul.o)
    0x08000624   0x08000624   0x000000de   Code   RO         4566    .text               mf_w.l(ddiv.o)
    0x08000702   0x08000702   0x0000000a   Code   RO         4568    .text               mf_w.l(ffltui.o)
    0x0800070c   0x0800070c   0x00000022   Code   RO         4570    .text               mf_w.l(dflti.o)
    0x0800072e   0x0800072e   0x0000003e   Code   RO         4572    .text               mf_w.l(dfixi.o)
    0x0800076c   0x0800076c   0x00000026   Code   RO         4574    .text               mf_w.l(f2d.o)
    0x08000792   0x08000792   0x00000002   PAD
    0x08000794   0x08000794   0x00000030   Code   RO         4578    .text               mf_w.l(cdrcmple.o)
    0x080007c4   0x080007c4   0x00000038   Code   RO         4580    .text               mf_w.l(d2f.o)
    0x080007fc   0x080007fc   0x00000014   Code   RO         4582    .text               mf_w.l(cfrcmple.o)
    0x08000810   0x08000810   0x0000002c   Code   RO         4626    .text               mc_w.l(uidiv.o)
    0x0800083c   0x0800083c   0x00000062   Code   RO         4628    .text               mc_w.l(uldiv.o)
    0x0800089e   0x0800089e   0x0000001e   Code   RO         4630    .text               mc_w.l(llshl.o)
    0x080008bc   0x080008bc   0x00000020   Code   RO         4632    .text               mc_w.l(llushr.o)
    0x080008dc   0x080008dc   0x00000024   Code   RO         4634    .text               mc_w.l(llsshr.o)
    0x08000900   0x08000900   0x00000070   Code   RO         4645    .text               mc_w.l(strtol.o)
    0x08000970   0x08000970   0x00000000   Code   RO         4647    .text               mc_w.l(iusefp.o)
    0x08000970   0x08000970   0x0000006e   Code   RO         4648    .text               mf_w.l(fepilogue.o)
    0x080009de   0x080009de   0x000000ba   Code   RO         4650    .text               mf_w.l(depilogue.o)
    0x08000a98   0x08000a98   0x0000002e   Code   RO         4652    .text               mf_w.l(dscalb.o)
    0x08000ac6   0x08000ac6   0x00000030   Code   RO         4654    .text               mf_w.l(dfixul.o)
    0x08000af6   0x08000af6   0x00000002   PAD
    0x08000af8   0x08000af8   0x00000024   Code   RO         4656    .text               mc_w.l(init.o)
    0x08000b1c   0x08000b1c   0x00000008   Code   RO         4658    .text               mc_w.l(ctype_o.o)
    0x08000b24   0x08000b24   0x0000009e   Code   RO         4686    .text               mc_w.l(_strtoul.o)
    0x08000bc2   0x08000bc2   0x000000a2   Code   RO         4688    .text               mf_w.l(dsqrt.o)
    0x08000c64   0x08000c64   0x0000001c   Code   RO         4690    .text               mc_w.l(_chval.o)
    0x08000c80   0x08000c80   0x00000030   Code   RO         3558    i.ADC1_GPIO_Config  bsp_adc.o
    0x08000cb0   0x08000cb0   0x0000000c   Code   RO         3559    i.ADC1_Init         bsp_adc.o
    0x08000cbc   0x08000cbc   0x000000d8   Code   RO         3560    i.ADC1_Mode_Config  bsp_adc.o
    0x08000d94   0x08000d94   0x00000016   Code   RO          434    i.ADC_Cmd           stm32f10x_adc.o
    0x08000daa   0x08000daa   0x00000016   Code   RO          435    i.ADC_DMACmd        stm32f10x_adc.o
    0x08000dc0   0x08000dc0   0x00000014   Code   RO          448    i.ADC_GetResetCalibrationStatus  stm32f10x_adc.o
    0x08000dd4   0x08000dd4   0x00000050   Code   RO          452    i.ADC_Init          stm32f10x_adc.o
    0x08000e24   0x08000e24   0x000000b8   Code   RO          456    i.ADC_RegularChannelConfig  stm32f10x_adc.o
    0x08000edc   0x08000edc   0x00000016   Code   RO          459    i.ADC_SoftwareStartConvCmd  stm32f10x_adc.o
    0x08000ef2   0x08000ef2   0x0000000a   Code   RO          461    i.ADC_StartCalibration  stm32f10x_adc.o
    0x08000efc   0x08000efc   0x00000004   Code   RO          151    i.BusFault_Handler  stm32f10x_it.o
    0x08000f00   0x08000f00   0x00000050   Code   RO         3359    i.DHT11_Check       dht11.o
    0x08000f50   0x08000f50   0x00000034   Code   RO         3360    i.DHT11_IO_IN       dht11.o
    0x08000f84   0x08000f84   0x00000024   Code   RO         3361    i.DHT11_IO_OUT      dht11.o
    0x08000fa8   0x08000fa8   0x0000000c   Code   RO         3362    i.DHT11_Init        dht11.o
    0x08000fb4   0x08000fb4   0x0000004c   Code   RO         3363    i.DHT11_Read_Bit    dht11.o
    0x08001000   0x08001000   0x0000001e   Code   RO         3364    i.DHT11_Read_Byte   dht11.o
    0x0800101e   0x0800101e   0x00000058   Code   RO         3365    i.DHT11_Read_Data   dht11.o
    0x08001076   0x08001076   0x00000002   PAD
    0x08001078   0x08001078   0x0000002c   Code   RO         3366    i.DHT11_Rst         dht11.o
    0x080010a4   0x080010a4   0x00000018   Code   RO         1119    i.DMA_Cmd           stm32f10x_dma.o
    0x080010bc   0x080010bc   0x0000014c   Code   RO         1120    i.DMA_DeInit        stm32f10x_dma.o
    0x08001208   0x08001208   0x0000003c   Code   RO         1125    i.DMA_Init          stm32f10x_dma.o
    0x08001244   0x08001244   0x00000002   Code   RO          152    i.DebugMon_Handler  stm32f10x_it.o
    0x08001246   0x08001246   0x00000002   PAD
    0x08001248   0x08001248   0x0000001c   Code   RO         3599    i.ESP8266_Clear     esp8266.o
    0x08001264   0x08001264   0x00000050   Code   RO         3600    i.ESP8266_GetIPD    esp8266.o
    0x080012b4   0x080012b4   0x00000224   Code   RO         3601    i.ESP8266_Init      esp8266.o
    0x080014d8   0x080014d8   0x00000054   Code   RO         3602    i.ESP8266_SendCmd   esp8266.o
    0x0800152c   0x0800152c   0x00000048   Code   RO         3603    i.ESP8266_SendData  esp8266.o
    0x08001574   0x08001574   0x00000034   Code   RO         3604    i.ESP8266_WaitRecive  esp8266.o
    0x080015a8   0x080015a8   0x00000116   Code   RO         1543    i.GPIO_Init         stm32f10x_gpio.o
    0x080016be   0x080016be   0x00000002   PAD
    0x080016c0   0x080016c0   0x00000090   Code   RO         1545    i.GPIO_PinRemapConfig  stm32f10x_gpio.o
    0x08001750   0x08001750   0x00000012   Code   RO         1547    i.GPIO_ReadInputDataBit  stm32f10x_gpio.o
    0x08001762   0x08001762   0x00000004   Code   RO         1550    i.GPIO_ResetBits    stm32f10x_gpio.o
    0x08001766   0x08001766   0x00000004   Code   RO         1551    i.GPIO_SetBits      stm32f10x_gpio.o
    0x0800176a   0x0800176a   0x0000000a   Code   RO         1554    i.GPIO_WriteBit     stm32f10x_gpio.o
    0x08001774   0x08001774   0x00000004   Code   RO          153    i.HardFault_Handler  stm32f10x_it.o
    0x08001778   0x08001778   0x00000050   Code   RO         3434    i.LED_Init          led.o
    0x080017c8   0x080017c8   0x000000c8   Code   RO         3561    i.MQ2_GetPPM        bsp_adc.o
    0x08001890   0x08001890   0x00000044   Code   RO         3562    i.MQ2_PPM_Calibration  bsp_adc.o
    0x080018d4   0x080018d4   0x0000001c   Code   RO         3655    i.MQTT_DeleteBuffer  mqttkit.o
    0x080018f0   0x080018f0   0x0000002e   Code   RO         3656    i.MQTT_DumpLength   mqttkit.o
    0x0800191e   0x0800191e   0x00000058   Code   RO         3657    i.MQTT_NewBuffer    mqttkit.o
    0x08001976   0x08001976   0x00000002   PAD
    0x08001978   0x08001978   0x000002a0   Code   RO         3659    i.MQTT_PacketConnect  mqttkit.o
    0x08001c18   0x08001c18   0x000001b8   Code   RO         3662    i.MQTT_PacketPublish  mqttkit.o
    0x08001dd0   0x08001dd0   0x00000048   Code   RO         3663    i.MQTT_PacketPublishAck  mqttkit.o
    0x08001e18   0x08001e18   0x00000048   Code   RO         3664    i.MQTT_PacketPublishComp  mqttkit.o
    0x08001e60   0x08001e60   0x00000048   Code   RO         3665    i.MQTT_PacketPublishRec  mqttkit.o
    0x08001ea8   0x08001ea8   0x00000048   Code   RO         3666    i.MQTT_PacketPublishRel  mqttkit.o
    0x08001ef0   0x08001ef0   0x000000fe   Code   RO         3669    i.MQTT_PacketSubscribe  mqttkit.o
    0x08001fee   0x08001fee   0x00000046   Code   RO         3671    i.MQTT_ReadLength   mqttkit.o
    0x08002034   0x08002034   0x0000008c   Code   RO         3672    i.MQTT_UnPacketCmd  mqttkit.o
    0x080020c0   0x080020c0   0x0000001e   Code   RO         3673    i.MQTT_UnPacketConnectAck  mqttkit.o
    0x080020de   0x080020de   0x00000002   PAD
    0x080020e0   0x080020e0   0x000001c0   Code   RO         3674    i.MQTT_UnPacketPublish  mqttkit.o
    0x080022a0   0x080022a0   0x0000001e   Code   RO         3675    i.MQTT_UnPacketPublishAck  mqttkit.o
    0x080022be   0x080022be   0x0000001e   Code   RO         3676    i.MQTT_UnPacketPublishComp  mqttkit.o
    0x080022dc   0x080022dc   0x0000001e   Code   RO         3677    i.MQTT_UnPacketPublishRec  mqttkit.o
    0x080022fa   0x080022fa   0x00000024   Code   RO         3678    i.MQTT_UnPacketPublishRel  mqttkit.o
    0x0800231e   0x0800231e   0x00000002   PAD
    0x08002320   0x08002320   0x00000074   Code   RO         3679    i.MQTT_UnPacketRecv  mqttkit.o
    0x08002394   0x08002394   0x00000034   Code   RO         3680    i.MQTT_UnPacketSubscribe  mqttkit.o
    0x080023c8   0x080023c8   0x00000012   Code   RO         3681    i.MQTT_UnPacketUnSubscribe  mqttkit.o
    0x080023da   0x080023da   0x00000004   Code   RO          154    i.MemManage_Handler  stm32f10x_it.o
    0x080023de   0x080023de   0x00000002   Code   RO          155    i.NMI_Handler       stm32f10x_it.o
    0x080023e0   0x080023e0   0x00000070   Code   RO          392    i.NVIC_Init         misc.o
    0x08002450   0x08002450   0x00000014   Code   RO          393    i.NVIC_PriorityGroupConfig  misc.o
    0x08002464   0x08002464   0x00000040   Code   RO         3446    i.OLED_Clear        oled.o
    0x080024a4   0x080024a4   0x0000017c   Code   RO         3450    i.OLED_Init         oled.o
    0x08002620   0x08002620   0x0000002e   Code   RO         3451    i.OLED_Set_Pos      oled.o
    0x0800264e   0x0800264e   0x00000002   PAD
    0x08002650   0x08002650   0x00000070   Code   RO         3453    i.OLED_ShowChar     oled.o
    0x080026c0   0x080026c0   0x00000084   Code   RO         3454    i.OLED_ShowNum      oled.o
    0x08002744   0x08002744   0x00000036   Code   RO         3455    i.OLED_ShowString   oled.o
    0x0800277a   0x0800277a   0x00000002   PAD
    0x0800277c   0x0800277c   0x00000074   Code   RO         3456    i.OLED_WR_Byte      oled.o
    0x080027f0   0x080027f0   0x00000244   Code   RO         3839    i.OneNet_DevLink    onenet.o
    0x08002a34   0x08002a34   0x0000007c   Code   RO         3840    i.OneNet_Publish    onenet.o
    0x08002ab0   0x08002ab0   0x00000488   Code   RO         3841    i.OneNet_RevPro     onenet.o
    0x08002f38   0x08002f38   0x0000006c   Code   RO         3842    i.OneNet_Subscribe  onenet.o
    0x08002fa4   0x08002fa4   0x00000002   Code   RO          156    i.PendSV_Handler    stm32f10x_it.o
    0x08002fa6   0x08002fa6   0x00000002   PAD
    0x08002fa8   0x08002fa8   0x00000018   Code   RO         1957    i.RCC_ADCCLKConfig  stm32f10x_rcc.o
    0x08002fc0   0x08002fc0   0x00000020   Code   RO         1958    i.RCC_AHBPeriphClockCmd  stm32f10x_rcc.o
    0x08002fe0   0x08002fe0   0x00000020   Code   RO         1959    i.RCC_APB1PeriphClockCmd  stm32f10x_rcc.o
    0x08003000   0x08003000   0x00000020   Code   RO         1961    i.RCC_APB2PeriphClockCmd  stm32f10x_rcc.o
    0x08003020   0x08003020   0x000000d4   Code   RO         1969    i.RCC_GetClocksFreq  stm32f10x_rcc.o
    0x080030f4   0x080030f4   0x00000002   Code   RO          157    i.SVC_Handler       stm32f10x_it.o
    0x080030f6   0x080030f6   0x00000008   Code   RO          240    i.SetSysClock       system_stm32f10x.o
    0x080030fe   0x080030fe   0x00000002   PAD
    0x08003100   0x08003100   0x000000e0   Code   RO          241    i.SetSysClockTo72   system_stm32f10x.o
    0x080031e0   0x080031e0   0x00000028   Code   RO          396    i.SysTick_CLKSourceConfig  misc.o
    0x08003208   0x08003208   0x00000002   Code   RO          158    i.SysTick_Handler   stm32f10x_it.o
    0x0800320a   0x0800320a   0x00000002   PAD
    0x0800320c   0x0800320c   0x00000060   Code   RO          243    i.SystemInit        system_stm32f10x.o
    0x0800326c   0x0800326c   0x0000001c   Code   RO         3416    i.TIM3_IRQHandler   timer.o
    0x08003288   0x08003288   0x00000060   Code   RO         3417    i.TIM3_Int_Init     timer.o
    0x080032e8   0x080032e8   0x00000006   Code   RO         2588    i.TIM_ClearITPendingBit  stm32f10x_tim.o
    0x080032ee   0x080032ee   0x00000018   Code   RO         2593    i.TIM_Cmd           stm32f10x_tim.o
    0x08003306   0x08003306   0x00000022   Code   RO         2614    i.TIM_GetITStatus   stm32f10x_tim.o
    0x08003328   0x08003328   0x00000012   Code   RO         2618    i.TIM_ITConfig      stm32f10x_tim.o
    0x0800333a   0x0800333a   0x00000002   PAD
    0x0800333c   0x0800333c   0x000000a4   Code   RO         2664    i.TIM_TimeBaseInit  stm32f10x_tim.o
    0x080033e0   0x080033e0   0x0000001c   Code   RO          329    i.USART1_IRQHandler  usart.o
    0x080033fc   0x080033fc   0x0000004c   Code   RO         3605    i.USART2_IRQHandler  esp8266.o
    0x08003448   0x08003448   0x00000012   Code   RO         3125    i.USART_ClearFlag   stm32f10x_usart.o
    0x0800345a   0x0800345a   0x00000018   Code   RO         3129    i.USART_Cmd         stm32f10x_usart.o
    0x08003472   0x08003472   0x0000001a   Code   RO         3132    i.USART_GetFlagStatus  stm32f10x_usart.o
    0x0800348c   0x0800348c   0x00000054   Code   RO         3133    i.USART_GetITStatus  stm32f10x_usart.o
    0x080034e0   0x080034e0   0x0000004a   Code   RO         3135    i.USART_ITConfig    stm32f10x_usart.o
    0x0800352a   0x0800352a   0x00000002   PAD
    0x0800352c   0x0800352c   0x000000d8   Code   RO         3136    i.USART_Init        stm32f10x_usart.o
    0x08003604   0x08003604   0x00000008   Code   RO         3146    i.USART_SendData    stm32f10x_usart.o
    0x0800360c   0x0800360c   0x00000004   Code   RO          159    i.UsageFault_Handler  stm32f10x_it.o
    0x08003610   0x08003610   0x000000b0   Code   RO          330    i.Usart1_Init       usart.o
    0x080036c0   0x080036c0   0x000000ac   Code   RO          331    i.Usart2_Init       usart.o
    0x0800376c   0x0800376c   0x00000048   Code   RO          332    i.UsartPrintf       usart.o
    0x080037b4   0x080037b4   0x00000032   Code   RO          333    i.Usart_SendString  usart.o
    0x080037e6   0x080037e6   0x00000002   PAD
    0x080037e8   0x080037e8   0x00000028   Code   RO         4500    i.__0sprintf        mc_w.l(printfa.o)
    0x08003810   0x08003810   0x00000024   Code   RO         4503    i.__0vsnprintf      mc_w.l(printfa.o)
    0x08003834   0x08003834   0x00000028   Code   RO         4598    i.__ARM_fpclassify  m_ws.l(fpclassify.o)
    0x0800385c   0x0800385c   0x00000008   Code   RO         4638    i.__aeabi_errno_addr  mc_w.l(errno.o)
    0x08003864   0x08003864   0x000000aa   Code   RO         4600    i.__kernel_poly     m_ws.l(poly.o)
    0x0800390e   0x0800390e   0x00000002   PAD
    0x08003910   0x08003910   0x00000010   Code   RO         4584    i.__mathlib_dbl_divzero  m_ws.l(dunder.o)
    0x08003920   0x08003920   0x00000004   Code   RO         4586    i.__mathlib_dbl_infnan2  m_ws.l(dunder.o)
    0x08003924   0x08003924   0x0000000c   Code   RO         4587    i.__mathlib_dbl_invalid  m_ws.l(dunder.o)
    0x08003930   0x08003930   0x0000000e   Code   RO         4588    i.__mathlib_dbl_overflow  m_ws.l(dunder.o)
    0x0800393e   0x0800393e   0x00000002   PAD
    0x08003940   0x08003940   0x00000010   Code   RO         4590    i.__mathlib_dbl_underflow  m_ws.l(dunder.o)
    0x08003950   0x08003950   0x0000000e   Code   RO         4694    i.__scatterload_copy  mc_w.l(handlers.o)
    0x0800395e   0x0800395e   0x00000002   Code   RO         4695    i.__scatterload_null  mc_w.l(handlers.o)
    0x08003960   0x08003960   0x0000000e   Code   RO         4696    i.__scatterload_zeroinit  mc_w.l(handlers.o)
    0x0800396e   0x0800396e   0x00000002   PAD
    0x08003970   0x08003970   0x0000000c   Code   RO         4640    i.__set_errno       mc_w.l(errno.o)
    0x0800397c   0x0800397c   0x00000164   Code   RO         4505    i._fp_digits        mc_w.l(printfa.o)
    0x08003ae0   0x08003ae0   0x000006dc   Code   RO         4506    i._printf_core      mc_w.l(printfa.o)
    0x080041bc   0x080041bc   0x00000024   Code   RO         4507    i._printf_post_padding  mc_w.l(printfa.o)
    0x080041e0   0x080041e0   0x0000002e   Code   RO         4508    i._printf_pre_padding  mc_w.l(printfa.o)
    0x0800420e   0x0800420e   0x00000016   Code   RO         4509    i._snputc           mc_w.l(printfa.o)
    0x08004224   0x08004224   0x0000000a   Code   RO         4510    i._sputc            mc_w.l(printfa.o)
    0x0800422e   0x0800422e   0x00000002   PAD
    0x08004230   0x08004230   0x00000058   Code   RO         3894    i.cJSON_Delete      cjson.o
    0x08004288   0x08004288   0x0000000c   Code   RO         3902    i.cJSON_GetErrorPtr  cjson.o
    0x08004294   0x08004294   0x0000001e   Code   RO         3903    i.cJSON_GetObjectItem  cjson.o
    0x080042b2   0x080042b2   0x00000002   PAD
    0x080042b4   0x080042b4   0x00000020   Code   RO         3907    i.cJSON_New_Item    cjson.o
    0x080042d4   0x080042d4   0x00000010   Code   RO         3908    i.cJSON_Parse       cjson.o
    0x080042e4   0x080042e4   0x00000064   Code   RO         3909    i.cJSON_ParseWithOpts  cjson.o
    0x08004348   0x08004348   0x0000004c   Code   RO         3915    i.cJSON_strcasecmp  cjson.o
    0x08004394   0x08004394   0x00000044   Code   RO          274    i.delay_init        delay.o
    0x080043d8   0x080043d8   0x0000004c   Code   RO          275    i.delay_ms          delay.o
    0x08004424   0x08004424   0x0000004c   Code   RO          276    i.delay_us          delay.o
    0x08004470   0x08004470   0x00000050   Code   RO         4526    i.free              mc_w.l(malloc.o)
    0x080044c0   0x080044c0   0x0000024c   Code   RO            1    i.main              main.o
    0x0800470c   0x0800470c   0x0000006c   Code   RO         4527    i.malloc            mc_w.l(malloc.o)
    0x08004778   0x08004778   0x00000016   Code   RO         3457    i.oled_pow          oled.o
    0x0800478e   0x0800478e   0x00000002   PAD
    0x08004790   0x08004790   0x000000ac   Code   RO         3919    i.parse_array       cjson.o
    0x0800483c   0x0800483c   0x00000114   Code   RO         3920    i.parse_hex4        cjson.o
    0x08004950   0x08004950   0x000001bc   Code   RO         3921    i.parse_number      cjson.o
    0x08004b0c   0x08004b0c   0x00000114   Code   RO         3922    i.parse_object      cjson.o
    0x08004c20   0x08004c20   0x000001cc   Code   RO         3923    i.parse_string      cjson.o
    0x08004dec   0x08004dec   0x000000bc   Code   RO         3924    i.parse_value       cjson.o
    0x08004ea8   0x08004ea8   0x000009b8   Code   RO         4233    i.pow               m_ws.l(pow.o)
    0x08005860   0x08005860   0x00000012   Code   RO         3932    i.skip              cjson.o
    0x08005872   0x08005872   0x0000004c   Code   RO         4604    i.sqrt              m_ws.l(sqrt.o)
    0x080058be   0x080058be   0x0000000d   Data   RO            3    .constdata          main.o
    0x080058cb   0x080058cb   0x00000818   Data   RO         3458    .constdata          oled.o
    0x080060e3   0x080060e3   0x00000007   Data   RO         3935    .constdata          cjson.o
    0x080060ea   0x080060ea   0x00000006   PAD
    0x080060f0   0x080060f0   0x00000088   Data   RO         4234    .constdata          m_ws.l(pow.o)
    0x08006178   0x08006178   0x00000008   Data   RO         4602    .constdata          m_ws.l(qnan.o)
    0x08006180   0x08006180   0x00000081   Data   RO         4659    .constdata          mc_w.l(ctype_o.o)
    0x08006201   0x08006201   0x00000003   PAD
    0x08006204   0x08006204   0x00000004   Data   RO         4660    .constdata          mc_w.l(ctype_o.o)
    0x08006208   0x08006208   0x0000000d   Data   RO            4    .conststring        main.o
    0x08006215   0x08006215   0x00000003   PAD
    0x08006218   0x08006218   0x00000020   Data   RO         4692    Region$$Table       anon$$obj.o


    Execution Region ER_RW (Exec base: 0x20000000, Load base: 0x08006238, Size: 0x0000006c, Max: 0xffffffff, ABSOLUTE)

    Exec Addr    Load Addr    Size         Type   Attr      Idx    E Section Name        Object

    0x20000000   0x08006238   0x00000011   Data   RW            5    .data               main.o
    0x20000011   0x08006249   0x00000003   PAD
    0x20000014   0x0800624c   0x00000014   Data   RW          244    .data               system_stm32f10x.o
    0x20000028   0x08006260   0x00000004   Data   RW          277    .data               delay.o
    0x2000002c   0x08006264   0x00000014   Data   RW         1989    .data               stm32f10x_rcc.o
    0x20000040   0x08006278   0x0000000e   Data   RW         3563    .data               bsp_adc.o
    0x2000004e   0x08006286   0x00000004   Data   RW         3607    .data               esp8266.o
    0x20000052   0x0800628a   0x00000002   Data   RW         3843    .data               onenet.o
    0x20000054   0x0800628c   0x0000000c   Data   RW         3936    .data               cjson.o
    0x20000060   0x08006298   0x00000004   Data   RW         4636    .data               mc_w.l(mvars.o)
    0x20000064   0x0800629c   0x00000004   Data   RW         4637    .data               mc_w.l(mvars.o)
    0x20000068   0x080062a0   0x00000004   Data   RW         4641    .data               mc_w.l(errno.o)


    Execution Region ER_ZI (Exec base: 0x2000006c, Load base: 0x080062a4, Size: 0x00000784, Max: 0xffffffff, ABSOLUTE)

    Exec Addr    Load Addr    Size         Type   Attr      Idx    E Section Name        Object

    0x2000006c        -       0x00000100   Zero   RW            2    .bss                main.o
    0x2000016c        -       0x00000080   Zero   RW         3606    .bss                esp8266.o
    0x200001ec   0x080062a4   0x00000004   PAD
    0x200001f0        -       0x00000200   Zero   RW          386    HEAP                startup_stm32f10x_hd.o
    0x200003f0        -       0x00000400   Zero   RW          385    STACK               startup_stm32f10x_hd.o


==============================================================================

Image component sizes


      Code (inc. data)   RO Data    RW Data    ZI Data      Debug   Object Name

       544         72          0         14          0       3436   bsp_adc.o
      2188         88          7         12          0      12193   cjson.o
       220         26          0          4          0       1723   delay.o
       418         36          0          0          0       4817   dht11.o
       940        354          0          4        128       5183   esp8266.o
        80          8          0          0          0        507   led.o
       588        192         26         17        256     273815   main.o
       172         22          0          0          0       2081   misc.o
      2816         26          0          0          0      18404   mqttkit.o
       926         22       2072          0          0       6132   oled.o
      1972        942          0          2          0       7083   onenet.o
        36          8        304          0       1536        804   startup_stm32f10x_hd.o
       360         10          0          0          0       6315   stm32f10x_adc.o
       416          8          0          0          0       3446   stm32f10x_dma.o
       458          6          0          0          0       5094   stm32f10x_gpio.o
        26          0          0          0          0       3766   stm32f10x_it.o
       332         44          0         20          0       5589   stm32f10x_rcc.o
       246         42          0          0          0       3582   stm32f10x_tim.o
       450          6          0          0          0       6183   stm32f10x_usart.o
         0          0          0          0          0         32   sys.o
       328         28          0         20          0       2117   system_stm32f10x.o
       124         12          0          0          0       1122   timer.o
       498         24          0          0          0       4677   usart.o

    ----------------------------------------------------------------------
     14170       1976       2450         96       1924     378101   Object Totals
         0          0         32          0          0          0   (incl. Generated)
        32          0          9          3          4          0   (incl. Padding)

    ----------------------------------------------------------------------

      Code (inc. data)   RO Data    RW Data    ZI Data      Debug   Library Member Name

        62         10          0          0          0        340   dunder.o
        40          0          0          0          0         68   fpclassify.o
       170          0          0          0          0         96   poly.o
      2488        190        136          0          0        300   pow.o
         0          0          8          0          0          0   qnan.o
        76          0          0          0          0         84   sqrt.o
        28          0          0          0          0         68   _chval.o
       158          0          0          0          0         92   _strtoul.o
        26          0          0          0          0         80   atoi.o
         8          4        133          0          0         68   ctype_o.o
         0          0          0          0          0          0   entry.o
         0          0          0          0          0          0   entry10a.o
         0          0          0          0          0          0   entry11a.o
         8          4          0          0          0          0   entry2.o
         4          0          0          0          0          0   entry5.o
         0          0          0          0          0          0   entry7b.o
         0          0          0          0          0          0   entry8b.o
         8          4          0          0          0          0   entry9a.o
        20         10          0          4          0        136   errno.o
        30          0          0          0          0          0   handlers.o
        36          8          0          0          0         68   init.o
         0          0          0          0          0          0   iusefp.o
        30          0          0          0          0         68   llshl.o
        36          0          0          0          0         68   llsshr.o
        32          0          0          0          0         68   llushr.o
       188         20          0          0          0        160   malloc.o
        36          0          0          0          0         68   memcpya.o
        36          0          0          0          0        108   memseta.o
         0          0          0          8          0          0   mvars.o
      2302         90          0          0          0        660   printfa.o
        20          0          0          0          0         68   strchr.o
        14          0          0          0          0         68   strlen.o
        40          0          0          0          0         76   strncat.o
        30          0          0          0          0         80   strncmp.o
        36          0          0          0          0         80   strstr.o
       112          0          0          0          0         88   strtol.o
        12          0          0          0          0         68   tolower.o
        44          0          0          0          0         80   uidiv.o
        98          0          0          0          0         92   uldiv.o
        48          0          0          0          0         68   cdrcmple.o
        20          0          0          0          0         68   cfrcmple.o
        56          0          0          0          0         88   d2f.o
       334          0          0          0          0        148   dadd.o
       222          0          0          0          0        100   ddiv.o
       186          0          0          0          0        176   depilogue.o
        62          0          0          0          0         80   dfixi.o
        48          0          0          0          0         68   dfixul.o
        34          0          0          0          0         76   dflti.o
       228          0          0          0          0         96   dmul.o
        46          0          0          0          0         80   dscalb.o
       162          0          0          0          0        100   dsqrt.o
        38          0          0          0          0         68   f2d.o
       176          0          0          0          0        140   fadd.o
       124          0          0          0          0         88   fdiv.o
       110          0          0          0          0        168   fepilogue.o
        10          0          0          0          0         68   ffltui.o
       100          0          0          0          0         76   fmul.o

    ----------------------------------------------------------------------
      8244        340        280         12          0       5056   Library Totals
        12          0          3          0          0          0   (incl. Padding)

    ----------------------------------------------------------------------

      Code (inc. data)   RO Data    RW Data    ZI Data      Debug   Library Name

      2836        200        144          0          0        888   m_ws.l
      3392        140        133         12          0       2412   mc_w.l
      2004          0          0          0          0       1756   mf_w.l

    ----------------------------------------------------------------------
      8244        340        280         12          0       5056   Library Totals

    ----------------------------------------------------------------------

==============================================================================


      Code (inc. data)   RO Data    RW Data    ZI Data      Debug   

     22414       2316       2730        108       1924     374105   Grand Totals
     22414       2316       2730        108       1924     374105   ELF Image Totals
     22414       2316       2730        108          0          0   ROM Totals

==============================================================================

    Total RO  Size (Code + RO Data)                25144 (  24.55kB)
    Total RW  Size (RW Data + ZI Data)              2032 (   1.98kB)
    Total ROM Size (Code + RO Data + RW Data)      25252 (  24.66kB)

==============================================================================

